Archive member included to satisfy reference by file (symbol)

../Middlewares/ST/AI/Lib/NetworkRuntime810_CM4_GCC.a(ai_platform.o)
                              ./X-CUBE-AI/App/can_network.o (ai_buffer_array_item_set_address)
../Middlewares/ST/AI/Lib/NetworkRuntime810_CM4_GCC.a(ai_platform_interface.o)
                              ./X-CUBE-AI/App/can_network.o (ai_platform_get_weights_map)
../Middlewares/ST/AI/Lib/NetworkRuntime810_CM4_GCC.a(core_common.o)
                              ../Middlewares/ST/AI/Lib/NetworkRuntime810_CM4_GCC.a(ai_platform_interface.o) (core_init)
../Middlewares/ST/AI/Lib/NetworkRuntime810_CM4_GCC.a(core_mem_manager.o)
                              ../Middlewares/ST/AI/Lib/NetworkRuntime810_CM4_GCC.a(ai_platform_interface.o) (core_mem_alloc)
../Middlewares/ST/AI/Lib/NetworkRuntime810_CM4_GCC.a(layers.o)
                              ../Middlewares/ST/AI/Lib/NetworkRuntime810_CM4_GCC.a(ai_platform_interface.o) (ai_check_custom_types)
../Middlewares/ST/AI/Lib/NetworkRuntime810_CM4_GCC.a(layers_conv2d_generic_float.o)
                              ./X-CUBE-AI/App/can_network.o (forward_conv2d_if32of32wf32)
../Middlewares/ST/AI/Lib/NetworkRuntime810_CM4_GCC.a(layers_conv2d_stm32_integer.o)
                              ../Middlewares/ST/AI/Lib/NetworkRuntime810_CM4_GCC.a(layers.o) (get_conv2d_scratch_size)
../Middlewares/ST/AI/Lib/NetworkRuntime810_CM4_GCC.a(layers_nl_generic_float.o)
                              ./X-CUBE-AI/App/can_network.o (forward_relu)
../Middlewares/ST/AI/Lib/NetworkRuntime810_CM4_GCC.a(layers_pool_generic_float.o)
                              ./X-CUBE-AI/App/can_network.o (forward_mp)
../Middlewares/ST/AI/Lib/NetworkRuntime810_CM4_GCC.a(forward_lite_conv2d_if32of32wf32.o)
                              ../Middlewares/ST/AI/Lib/NetworkRuntime810_CM4_GCC.a(layers_conv2d_generic_float.o) (forward_lite_conv2d_if32of32wf32)
../Middlewares/ST/AI/Lib/NetworkRuntime810_CM4_GCC.a(lite_dense_if32.o)
                              ../Middlewares/ST/AI/Lib/NetworkRuntime810_CM4_GCC.a(layers_conv2d_generic_float.o) (forward_lite_dense_if32of32wf32)
../Middlewares/ST/AI/Lib/NetworkRuntime810_CM4_GCC.a(st_convolve_reference.o)
                              ../Middlewares/ST/AI/Lib/NetworkRuntime810_CM4_GCC.a(layers_conv2d_stm32_integer.o) (align_factor)
../Middlewares/ST/AI/Lib/NetworkRuntime810_CM4_GCC.a(st_sssa8_ch_convolve.o)
                              ../Middlewares/ST/AI/Lib/NetworkRuntime810_CM4_GCC.a(layers_conv2d_stm32_integer.o) (st_sssa8_ch_convolve_rank1upd)
../Middlewares/ST/AI/Lib/NetworkRuntime810_CM4_GCC.a(st_sssa8_convolve.o)
                              ../Middlewares/ST/AI/Lib/NetworkRuntime810_CM4_GCC.a(layers_conv2d_stm32_integer.o) (st_sssa8_convolve_rank1upd)
../Middlewares/ST/AI/Lib/NetworkRuntime810_CM4_GCC.a(st_sssa8_convolve_1x1.o)
                              ../Middlewares/ST/AI/Lib/NetworkRuntime810_CM4_GCC.a(layers_conv2d_stm32_integer.o) (st_sssa8_convolve_1x1_WeightsPrefetch)
../Middlewares/ST/AI/Lib/NetworkRuntime810_CM4_GCC.a(st_sssa8_convolve_dw.o)
                              ../Middlewares/ST/AI/Lib/NetworkRuntime810_CM4_GCC.a(layers_conv2d_stm32_integer.o) (st_sssa8_conv_dw_Wadapt)
../Middlewares/ST/AI/Lib/NetworkRuntime810_CM4_GCC.a(st_sssa8_convolve_rgb.o)
                              ../Middlewares/ST/AI/Lib/NetworkRuntime810_CM4_GCC.a(layers_conv2d_stm32_integer.o) (st_sssa8_convolve_rgb)
../Middlewares/ST/AI/Lib/NetworkRuntime810_CM4_GCC.a(st_ssua8_ch_convolve.o)
                              ../Middlewares/ST/AI/Lib/NetworkRuntime810_CM4_GCC.a(layers_conv2d_stm32_integer.o) (st_ssua8_ch_convolve_rank1upd)
../Middlewares/ST/AI/Lib/NetworkRuntime810_CM4_GCC.a(st_ssua8_ch_convolve_1x1.o)
                              ../Middlewares/ST/AI/Lib/NetworkRuntime810_CM4_GCC.a(layers_conv2d_stm32_integer.o) (st_ssua8_ch_convolve_1x1)
../Middlewares/ST/AI/Lib/NetworkRuntime810_CM4_GCC.a(st_ssua8_ch_convolve_dw.o)
                              ../Middlewares/ST/AI/Lib/NetworkRuntime810_CM4_GCC.a(layers_conv2d_stm32_integer.o) (st_ssua8_ch_conv_dw_Wadapt)
../Middlewares/ST/AI/Lib/NetworkRuntime810_CM4_GCC.a(st_ssua8_ch_convolve_rgb.o)
                              ../Middlewares/ST/AI/Lib/NetworkRuntime810_CM4_GCC.a(layers_conv2d_stm32_integer.o) (st_ssua8_ch_convolve_rgb)
../Middlewares/ST/AI/Lib/NetworkRuntime810_CM4_GCC.a(st_ssua8_convolve.o)
                              ../Middlewares/ST/AI/Lib/NetworkRuntime810_CM4_GCC.a(layers_conv2d_stm32_integer.o) (st_ssua8_convolve_rank1upd)
../Middlewares/ST/AI/Lib/NetworkRuntime810_CM4_GCC.a(st_ssua8_convolve_1x1.o)
                              ../Middlewares/ST/AI/Lib/NetworkRuntime810_CM4_GCC.a(layers_conv2d_stm32_integer.o) (st_ssua8_convolve_1x1)
../Middlewares/ST/AI/Lib/NetworkRuntime810_CM4_GCC.a(st_ssua8_convolve_dw.o)
                              ../Middlewares/ST/AI/Lib/NetworkRuntime810_CM4_GCC.a(layers_conv2d_stm32_integer.o) (st_ssua8_conv_dw_Wadapt)
[...]
Memory Configuration

Name             Origin             Length             Attributes
RAM              0x0000000020000000 0x0000000000020000 xrw
FLASH            0x0000000008000000 0x0000000000080000 xr
*default*        0x0000000000000000 0xffffffffffffffff

Linker script and memory map

LOAD /Applications/STM32CubeIDE.app/Contents/Eclipse/plugins/com.st.stm32cube.ide.mcu.externaltools.gnu-tools-for-stm32.11.3.rel1.macos64_1.1.100.202310310803/tools/bin/../lib/gcc/arm-none-eabi/11.3.1/thumb/v7e-m+fp/hard/crti.o
LOAD /Applications/STM32CubeIDE.app/Contents/Eclipse/plugins/com.st.stm32cube.ide.mcu.externaltools.gnu-tools-for-stm32.11.3.rel1.macos64_1.1.100.202310310803/tools/bin/../lib/gcc/arm-none-eabi/11.3.1/thumb/v7e-m+fp/hard/crtbegin.o
LOAD /Applications/STM32CubeIDE.app/Contents/Eclipse/plugins/com.st.stm32cube.ide.mcu.externaltools.gnu-tools-for-stm32.11.3.rel1.macos64_1.1.100.202310310803/tools/bin/../lib/gcc/arm-none-eabi/11.3.1/../../../../arm-none-eabi/lib/thumb/v7e-m+fp/hard/crt0.o
LOAD ./Core/Src/ai_can.o
LOAD ./Core/Src/main.o
LOAD ./Core/Src/stm32f4xx_hal_msp.o
LOAD ./Core/Src/stm32f4xx_it.o
LOAD ./Core/Src/sysmem.o
LOAD ./Core/Src/system_stm32f4xx.o
LOAD ./Core/Startup/startup_stm32f411retx.o
LOAD ./Drivers/STM32F4xx_HAL_Driver/Src/stm32f4xx_hal.o
LOAD ./Drivers/STM32F4xx_HAL_Driver/Src/stm32f4xx_hal_cortex.o
LOAD ./Drivers/STM32F4xx_HAL_Driver/Src/stm32f4xx_hal_crc.o
LOAD ./Drivers/STM32F4xx_HAL_Driver/Src/stm32f4xx_hal_dma.o
LOAD ./Drivers/STM32F4xx_HAL_Driver/Src/stm32f4xx_hal_dma_ex.o
LOAD ./Drivers/STM32F4xx_HAL_Driver/Src/stm32f4xx_hal_exti.o
LOAD ./Drivers/STM32F4xx_HAL_Driver/Src/stm32f4xx_hal_flash.o
LOAD ./Drivers/STM32F4xx_HAL_Driver/Src/stm32f4xx_hal_flash_ex.o
LOAD ./Drivers/STM32F4xx_HAL_Driver/Src/stm32f4xx_hal_flash_ramfunc.o
LOAD ./Drivers/STM32F4xx_HAL_Driver/Src/stm32f4xx_hal_gpio.o
LOAD ./Drivers/STM32F4xx_HAL_Driver/Src/stm32f4xx_hal_pwr.o
LOAD ./Drivers/STM32F4xx_HAL_Driver/Src/stm32f4xx_hal_pwr_ex.o
LOAD ./Drivers/STM32F4xx_HAL_Driver/Src/stm32f4xx_hal_rcc.o
LOAD ./Drivers/STM32F4xx_HAL_Driver/Src/stm32f4xx_hal_rcc_ex.o
LOAD ./Drivers/STM32F4xx_HAL_Driver/Src/stm32f4xx_hal_tim.o
LOAD ./Drivers/STM32F4xx_HAL_Driver/Src/stm32f4xx_hal_tim_ex.o
LOAD ./Drivers/STM32F4xx_HAL_Driver/Src/stm32f4xx_hal_uart.o
LOAD ./X-CUBE-AI/App/can_network.o
LOAD ./X-CUBE-AI/App/can_network_data.o
LOAD ./X-CUBE-AI/App/can_network_data_params.o
LOAD ../Middlewares/ST/AI/Lib/NetworkRuntime810_CM4_GCC.a
START GROUP
LOAD /Applications/STM32CubeIDE.app/Contents/Eclipse/plugins/com.st.stm32cube.ide.mcu.externaltools.gnu-tools-for-stm32.11.3.rel1.macos64_1.1.100.202310310803/tools/bin/../lib/gcc/arm-none-eabi/11.3.1/../../../../arm-none-eabi/lib/thumb/v7e-m+fp/hard/libc_nano.a
LOAD /Applications/STM32CubeIDE.app/Contents/Eclipse/plugins/com.st.stm32cube.ide.mcu.externaltools.gnu-tools-for-stm32.11.3.rel1.macos64_1.1.100.202310310803/tools/bin/../lib/gcc/arm-none-eabi/11.3.1/../../../../arm-none-eabi/lib/thumb/v7e-m+fp/hard/libm.a
END GROUP
START GROUP
LOAD /Applications/STM32CubeIDE.app/Contents/Eclipse/plugins/com.st.stm32cube.ide.mcu.externaltools.gnu-tools-for-stm32.11.3.rel1.macos64_1.1.100.202310310803/tools/bin/../lib/gcc/arm-none-eabi/11.3.1/thumb/v7e-m+fp/hard/libgcc.a
LOAD /Applications/STM32CubeIDE.app/Contents/Eclipse/plugins/com.st.stm32cube.ide.mcu.externaltools.gnu-tools-for-stm32.11.3.rel1.macos64_1.1.100.202310310803/tools/bin/../lib/gcc/arm-none-eabi/11.3.1/../../../../arm-none-eabi/lib/thumb/v7e-m+fp/hard/libc_nano.a
END GROUP
START GROUP
LOAD /Applications/STM32CubeIDE.app/Contents/Eclipse/plugins/com.st.stm32cube.ide.mcu.externaltools.gnu-tools-for-stm32.11.3.rel1.macos64_1.1.100.202310310803/tools/bin/../lib/gcc/arm-none-eabi/11.3.1/thumb/v7e-m+fp/hard/libgcc.a
LOAD /Applications/STM32CubeIDE.app/Contents/Eclipse/plugins/com.st.stm32cube.ide.mcu.externaltools.gnu-tools-for-stm32.11.3.rel1.macos64_1.1.100.202310310803/tools/bin/../lib/gcc/arm-none-eabi/11.3.1/../../../../arm-none-eabi/lib/thumb/v7e-m+fp/hard/libc_nano.a
LOAD /Applications/STM32CubeIDE.app/Contents/Eclipse/plugins/com.st.stm32cube.ide.mcu.externaltools.gnu-tools-for-stm32.11.3.rel1.macos64_1.1.100.202310310803/tools/bin/../lib/gcc/arm-none-eabi/11.3.1/../../../../arm-none-eabi/lib/thumb/v7e-m+fp/hard/libnosys.a
END GROUP
START GROUP
LOAD /Applications/STM32CubeIDE.app/Contents/Eclipse/plugins/com.st.stm32cube.ide.mcu.externaltools.gnu-tools-for-stm32.11.3.rel1.macos64_1.1.100.202310310803/tools/bin/../lib/gcc/arm-none-eabi/11.3.1/thumb/v7e-m+fp/hard/libgcc.a
LOAD /Applications/STM32CubeIDE.app/Contents/Eclipse/plugins/com.st.stm32cube.ide.mcu.externaltools.gnu-tools-for-stm32.11.3.rel1.macos64_1.1.100.202310310803/tools/bin/../lib/gcc/arm-none-eabi/11.3.1/../../../../arm-none-eabi/lib/thumb/v7e-m+fp/hard/libc_nano.a
LOAD /Applications/STM32CubeIDE.app/Contents/Eclipse/plugins/com.st.stm32cube.ide.mcu.externaltools.gnu-tools-for-stm32.11.3.rel1.macos64_1.1.100.202310310803/tools/bin/../lib/gcc/arm-none-eabi/11.3.1/../../../../arm-none-eabi/lib/thumb/v7e-m+fp/hard/libnosys.a
END GROUP
LOAD /Applications/STM32CubeIDE.app/Contents/Eclipse/plugins/com.st.stm32cube.ide.mcu.externaltools.gnu-tools-for-stm32.11.3.rel1.macos64_1.1.100.202310310803/tools/bin/../lib/gcc/arm-none-eabi/11.3.1/thumb/v7e-m+fp/hard/crtend.o
LOAD /Applications/STM32CubeIDE.app/Contents/Eclipse/plugins/com.st.stm32cube.ide.mcu.externaltools.gnu-tools-for-stm32.11.3.rel1.macos64_1.1.100.202310310803/tools/bin/../lib/gcc/arm-none-eabi/11.3.1/thumb/v7e-m+fp/hard/crtn.o
                0x0000000020020000                _estack = (ORIGIN (RAM) + LENGTH (RAM))
                0x0000000000000800                _Min_Heap_Size = 0x800
                0x0000000000000800                _Min_Stack_Size = 0x800

.isr_vector     0x0000000008000000      0x198
                0x0000000008000000                . = ALIGN (0x4)
 *(.isr_vector)
 .isr_vector    0x0000000008000000      0x198 ./Core/Startup/startup_stm32f411retx.o
                0x0000000008000000                g_pfnVectors
                0x0000000008000198                . = ALIGN (0x4)

.text           0x00000000080001a0     0x98f4
                0x00000000080001a0                . = ALIGN (0x4)
 *(.text)
 .text          0x00000000080001a0       0x40 /Applications/STM32CubeIDE.app/Contents/Eclipse/plugins/com.st.stm32cube.ide.mcu.externaltools.gnu-tools-for-stm32.11.3.rel1.macos64_1.1.100.202310310803/tools/bin/../lib/gcc/arm-none-eabi/11.3.1/thumb/v7e-m+fp/hard/crtbegin.o
 .text          0x00000000080001e0       0xa0 /Applications/STM32CubeIDE.app/Contents/Eclipse/plugins/com.st.stm32cube.ide.mcu.externaltools.gnu-tools-for-stm32.11.3.rel1.macos64_1.1.100.202310310803/tools/bin/../lib/gcc/arm-none-eabi/11.3.1/../../../../arm-none-eabi/lib/thumb/v7e-m+fp/hard/libc_nano.a(libc_a-memchr.o)
                0x00000000080001e0                memchr
 .text          0x0000000008000280       0x10 /Applications/STM32CubeIDE.app/Contents/Eclipse/plugins/com.st.stm32cube.ide.mcu.externaltools.gnu-tools-for-stm32.11.3.rel1.macos64_1.1.100.202310310803/tools/bin/../lib/gcc/arm-none-eabi/11.3.1/../../../../arm-none-eabi/lib/thumb/v7e-m+fp/hard/libc_nano.a(libc_a-strlen.o)
                0x0000000008000280                strlen
 .text          0x0000000008000290      0x378 /Applications/STM32CubeIDE.app/Contents/Eclipse/plugins/com.st.stm32cube.ide.mcu.externaltools.gnu-tools-for-stm32.11.3.rel1.macos64_1.1.100.202310310803/tools/bin/../lib/gcc/arm-none-eabi/11.3.1/thumb/v7e-m+fp/hard/libgcc.a(_arm_addsubdf3.o)
                0x0000000008000290                __aeabi_drsub
                0x0000000008000298                __subdf3
                0x0000000008000298                __aeabi_dsub
                0x000000000800029c                __aeabi_dadd
                0x000000000800029c                __adddf3
                0x0000000008000514                __aeabi_ui2d
                0x0000000008000514                __floatunsidf
                0x0000000008000534                __floatsidf
                0x0000000008000534                __aeabi_i2d
                0x0000000008000558                __extendsfdf2
                0x0000000008000558                __aeabi_f2d
                0x000000000800059c                __aeabi_ul2d
                0x000000000800059c                __floatundidf
                0x00000000080005ac                __aeabi_l2d
                0x00000000080005ac                __floatdidf
 .text          0x0000000008000608      0x424 /Applications/STM32CubeIDE.app/Contents/Eclipse/plugins/com.st.stm32cube.ide.mcu.externaltools.gnu-tools-for-stm32.11.3.rel1.macos64_1.1.100.202310310803/tools/bin/../lib/gcc/arm-none-eabi/11.3.1/thumb/v7e-m+fp/hard/libgcc.a(_arm_muldivdf3.o)
                0x0000000008000608                __aeabi_dmul
                0x0000000008000608                __muldf3
                0x000000000800085c                __aeabi_ddiv
                0x000000000800085c                __divdf3
 .text          0x0000000008000a2c      0x110 /Applications/STM32CubeIDE.app/Contents/Eclipse/plugins/com.st.stm32cube.ide.mcu.externaltools.gnu-tools-for-stm32.11.3.rel1.macos64_1.1.100.202310310803/tools/bin/../lib/gcc/arm-none-eabi/11.3.1/thumb/v7e-m+fp/hard/libgcc.a(_arm_cmpdf2.o)
                0x0000000008000a2c                __gedf2
                0x0000000008000a2c                __gtdf2
                0x0000000008000a34                __ledf2
                0x0000000008000a34                __ltdf2
                0x0000000008000a3c                __cmpdf2
                0x0000000008000a3c                __eqdf2
                0x0000000008000a3c                __nedf2
                0x0000000008000ab8                __aeabi_cdrcmple
                0x0000000008000ac8                __aeabi_cdcmple
                0x0000000008000ac8                __aeabi_cdcmpeq
                0x0000000008000ad8                __aeabi_dcmpeq
                0x0000000008000aec                __aeabi_dcmplt
                0x0000000008000b00                __aeabi_dcmple
                0x0000000008000b14                __aeabi_dcmpge
                0x0000000008000b28                __aeabi_dcmpgt
 .text          0x0000000008000b3c       0x2c /Applications/STM32CubeIDE.app/Contents/Eclipse/plugins/com.st.stm32cube.ide.mcu.externaltools.gnu-tools-for-stm32.11.3.rel1.macos64_1.1.100.202310310803/tools/bin/../lib/gcc/arm-none-eabi/11.3.1/thumb/v7e-m+fp/hard/libgcc.a(_arm_unorddf2.o)
                0x0000000008000b3c                __aeabi_dcmpun
                0x0000000008000b3c                __unorddf2
 .text          0x0000000008000b68       0x50 /Applications/STM32CubeIDE.app/Contents/Eclipse/plugins/com.st.stm32cube.ide.mcu.externaltools.gnu-tools-for-stm32.11.3.rel1.macos64_1.1.100.202310310803/tools/bin/../lib/gcc/arm-none-eabi/11.3.1/thumb/v7e-m+fp/hard/libgcc.a(_arm_fixdfsi.o)
                0x0000000008000b68                __fixdfsi
                0x0000000008000b68                __aeabi_d2iz
 .text          0x0000000008000bb8       0x30 /Applications/STM32CubeIDE.app/Contents/Eclipse/plugins/com.st.stm32cube.ide.mcu.externaltools.gnu-tools-for-stm32.11.3.rel1.macos64_1.1.100.202310310803/tools/bin/../lib/gcc/arm-none-eabi/11.3.1/thumb/v7e-m+fp/hard/libgcc.a(_aeabi_uldivmod.o)
                0x0000000008000bb8                __aeabi_uldivmod
 .text          0x0000000008000be8      0x2c8 /Applications/STM32CubeIDE.app/Contents/Eclipse/plugins/com.st.stm32cube.ide.mcu.externaltools.gnu-tools-for-stm32.11.3.rel1.macos64_1.1.100.202310310803/tools/bin/../lib/gcc/arm-none-eabi/11.3.1/thumb/v7e-m+fp/hard/libgcc.a(_udivmoddi4.o)
                0x0000000008000be8                __udivmoddi4
 .text          0x0000000008000eb0        0x4 /Applications/STM32CubeIDE.app/Contents/Eclipse/plugins/com.st.stm32cube.ide.mcu.externaltools.gnu-tools-for-stm32.11.3.rel1.macos64_1.1.100.202310310803/tools/bin/../lib/gcc/arm-none-eabi/11.3.1/thumb/v7e-m+fp/hard/libgcc.a(_dvmd_tls.o)
                0x0000000008000eb0                __aeabi_ldiv0
                0x0000000008000eb0                __aeabi_idiv0
 *(.text*)
 .text.network_init
                0x0000000008000eb4       0x60 ./Core/Src/ai_can.o
                0x0000000008000eb4                network_init
 .text.Can_Network_Preprocess
                0x0000000008000f14       0x80 ./Core/Src/ai_can.o
                0x0000000008000f14                Can_Network_Preprocess
 .text.Can_Network_Inference
                0x0000000008000f94       0x88 ./Core/Src/ai_can.o
                0x0000000008000f94                Can_Network_Inference
 .text.Can_Network_Postprocess
                0x000000000800101c       0x54 ./Core/Src/ai_can.o
                0x000000000800101c                Can_Network_Postprocess
 .text.command_parser_fsm
                0x0000000008001070       0xb8 ./Core/Src/main.o
                0x0000000008001070                command_parser_fsm
 .text.uart_communication
                0x0000000008001128       0x48 ./Core/Src/main.o
                0x0000000008001128                uart_communication
 .text.main     0x0000000008001170       0x7c ./Core/Src/main.o
                0x0000000008001170                main
 .text.SystemClock_Config
                0x00000000080011ec       0xd0 ./Core/Src/main.o
                0x00000000080011ec                SystemClock_Config
 .text.MX_CRC_Init
                0x00000000080012bc       0x28 ./Core/Src/main.o
 .text.MX_TIM10_Init
                0x00000000080012e4       0x48 ./Core/Src/main.o
 .text.MX_USART2_UART_Init
                0x000000000800132c       0x54 ./Core/Src/main.o
 .text.MX_GPIO_Init
                0x0000000008001380       0xdc ./Core/Src/main.o
 .text.HAL_UART_RxCpltCallback
                0x000000000800145c       0x58 ./Core/Src/main.o
                0x000000000800145c                HAL_UART_RxCpltCallback
 .text.Error_Handler
                0x00000000080014b4        0xa ./Core/Src/main.o
                0x00000000080014b4                Error_Handler
 *fill*         0x00000000080014be        0x2 
 .text.HAL_MspInit
                0x00000000080014c0       0x50 ./Core/Src/stm32f4xx_hal_msp.o
                0x00000000080014c0                HAL_MspInit
 .text.HAL_CRC_MspInit
                0x0000000008001510       0x44 ./Core/Src/stm32f4xx_hal_msp.o
                0x0000000008001510                HAL_CRC_MspInit
 .text.HAL_TIM_Base_MspInit
                0x0000000008001554       0x44 ./Core/Src/stm32f4xx_hal_msp.o
                0x0000000008001554                HAL_TIM_Base_MspInit
 .text.HAL_UART_MspInit
                0x0000000008001598       0xa0 ./Core/Src/stm32f4xx_hal_msp.o
                0x0000000008001598                HAL_UART_MspInit
 .text.NMI_Handler
                0x0000000008001638        0x6 ./Core/Src/stm32f4xx_it.o
                0x0000000008001638                NMI_Handler
 .text.HardFault_Handler
                0x000000000800163e        0x6 ./Core/Src/stm32f4xx_it.o
                0x000000000800163e                HardFault_Handler
 .text.MemManage_Handler
                0x0000000008001644        0x6 ./Core/Src/stm32f4xx_it.o
                0x0000000008001644                MemManage_Handler
 .text.BusFault_Handler
                0x000000000800164a        0x6 ./Core/Src/stm32f4xx_it.o
                0x000000000800164a                BusFault_Handler
 .text.UsageFault_Handler
                0x0000000008001650        0x6 ./Core/Src/stm32f4xx_it.o
                0x0000000008001650                UsageFault_Handler
 .text.SVC_Handler
                0x0000000008001656        0xe ./Core/Src/stm32f4xx_it.o
                0x0000000008001656                SVC_Handler
 .text.DebugMon_Handler
                0x0000000008001664        0xe ./Core/Src/stm32f4xx_it.o
                0x0000000008001664                DebugMon_Handler
 .text.PendSV_Handler
                0x0000000008001672        0xe ./Core/Src/stm32f4xx_it.o
                0x0000000008001672                PendSV_Handler
 .text.SysTick_Handler
                0x0000000008001680        0xc ./Core/Src/stm32f4xx_it.o
                0x0000000008001680                SysTick_Handler
 .text.USART2_IRQHandler
                0x000000000800168c       0x14 ./Core/Src/stm32f4xx_it.o
                0x000000000800168c                USART2_IRQHandler
 .text._sbrk    0x00000000080016a0       0x6c ./Core/Src/sysmem.o
                0x00000000080016a0                _sbrk
 .text.SystemInit
                0x000000000800170c       0x24 ./Core/Src/system_stm32f4xx.o
                0x000000000800170c                SystemInit
 .text.Reset_Handler
                0x0000000008001730       0x50 ./Core/Startup/startup_stm32f411retx.o
                0x0000000008001730                Reset_Handler
 .text.Default_Handler
                0x0000000008001780        0x2 ./Core/Startup/startup_stm32f411retx.o
                0x0000000008001780                DMA1_Stream3_IRQHandler
                0x0000000008001780                EXTI2_IRQHandler
                0x0000000008001780                SPI4_IRQHandler
                0x0000000008001780                TIM1_CC_IRQHandler
                0x0000000008001780                DMA2_Stream5_IRQHandler
                0x0000000008001780                DMA1_Stream5_IRQHandler
                0x0000000008001780                PVD_IRQHandler
                0x0000000008001780                SDIO_IRQHandler
                0x0000000008001780                TAMP_STAMP_IRQHandler
                0x0000000008001780                EXTI3_IRQHandler
                0x0000000008001780                TIM1_UP_TIM10_IRQHandler
                0x0000000008001780                I2C3_ER_IRQHandler
                0x0000000008001780                EXTI0_IRQHandler
                0x0000000008001780                I2C2_EV_IRQHandler
                0x0000000008001780                DMA1_Stream2_IRQHandler
                0x0000000008001780                FPU_IRQHandler
                0x0000000008001780                DMA2_Stream2_IRQHandler
                0x0000000008001780                SPI1_IRQHandler
                0x0000000008001780                TIM1_BRK_TIM9_IRQHandler
                0x0000000008001780                DMA2_Stream3_IRQHandler
                0x0000000008001780                USART6_IRQHandler
                0x0000000008001780                DMA2_Stream0_IRQHandler
                0x0000000008001780                TIM4_IRQHandler
                0x0000000008001780                I2C1_EV_IRQHandler
                0x0000000008001780                DMA1_Stream6_IRQHandler
                0x0000000008001780                DMA1_Stream1_IRQHandler
                0x0000000008001780                TIM3_IRQHandler
                0x0000000008001780                RCC_IRQHandler
                0x0000000008001780                Default_Handler
                0x0000000008001780                EXTI15_10_IRQHandler
                0x0000000008001780                ADC_IRQHandler
                0x0000000008001780                DMA1_Stream7_IRQHandler
                0x0000000008001780                SPI5_IRQHandler
                0x0000000008001780                TIM5_IRQHandler
                0x0000000008001780                DMA2_Stream7_IRQHandler
                0x0000000008001780                I2C3_EV_IRQHandler
                0x0000000008001780                EXTI9_5_IRQHandler
                0x0000000008001780                RTC_WKUP_IRQHandler
                0x0000000008001780                SPI2_IRQHandler
                0x0000000008001780                DMA1_Stream0_IRQHandler
                0x0000000008001780                EXTI4_IRQHandler
                0x0000000008001780                WWDG_IRQHandler
                0x0000000008001780                TIM2_IRQHandler
                0x0000000008001780                OTG_FS_WKUP_IRQHandler
                0x0000000008001780                TIM1_TRG_COM_TIM11_IRQHandler
                0x0000000008001780                EXTI1_IRQHandler
                0x0000000008001780                I2C2_ER_IRQHandler
                0x0000000008001780                DMA2_Stream1_IRQHandler
                0x0000000008001780                FLASH_IRQHandler
                0x0000000008001780                DMA2_Stream4_IRQHandler
                0x0000000008001780                USART1_IRQHandler
                0x0000000008001780                OTG_FS_IRQHandler
                0x0000000008001780                SPI3_IRQHandler
                0x0000000008001780                DMA1_Stream4_IRQHandler
                0x0000000008001780                I2C1_ER_IRQHandler
                0x0000000008001780                DMA2_Stream6_IRQHandler
                0x0000000008001780                RTC_Alarm_IRQHandler
 *fill*         0x0000000008001782        0x2 
 .text.HAL_Init
                0x0000000008001784       0x44 ./Drivers/STM32F4xx_HAL_Driver/Src/stm32f4xx_hal.o
                0x0000000008001784                HAL_Init
 .text.HAL_InitTick
                0x00000000080017c8       0x60 ./Drivers/STM32F4xx_HAL_Driver/Src/stm32f4xx_hal.o
                0x00000000080017c8                HAL_InitTick
 .text.HAL_IncTick
                0x0000000008001828       0x28 ./Drivers/STM32F4xx_HAL_Driver/Src/stm32f4xx_hal.o
                0x0000000008001828                HAL_IncTick
 .text.HAL_GetTick
                0x0000000008001850       0x18 ./Drivers/STM32F4xx_HAL_Driver/Src/stm32f4xx_hal.o
                0x0000000008001850                HAL_GetTick
 .text.__NVIC_SetPriorityGrouping
                0x0000000008001868       0x48 ./Drivers/STM32F4xx_HAL_Driver/Src/stm32f4xx_hal_cortex.o
 .text.__NVIC_GetPriorityGrouping
                0x00000000080018b0       0x1c ./Drivers/STM32F4xx_HAL_Driver/Src/stm32f4xx_hal_cortex.o
 .text.__NVIC_EnableIRQ
                0x00000000080018cc       0x3c ./Drivers/STM32F4xx_HAL_Driver/Src/stm32f4xx_hal_cortex.o
 .text.__NVIC_SetPriority
                0x0000000008001908       0x54 ./Drivers/STM32F4xx_HAL_Driver/Src/stm32f4xx_hal_cortex.o
 .text.NVIC_EncodePriority
                0x000000000800195c       0x66 ./Drivers/STM32F4xx_HAL_Driver/Src/stm32f4xx_hal_cortex.o
 *fill*         0x00000000080019c2        0x2 
 .text.SysTick_Config
                0x00000000080019c4       0x44 ./Drivers/STM32F4xx_HAL_Driver/Src/stm32f4xx_hal_cortex.o
 .text.HAL_NVIC_SetPriorityGrouping
                0x0000000008001a08       0x16 ./Drivers/STM32F4xx_HAL_Driver/Src/stm32f4xx_hal_cortex.o
                0x0000000008001a08                HAL_NVIC_SetPriorityGrouping
 .text.HAL_NVIC_SetPriority
                0x0000000008001a1e       0x38 ./Drivers/STM32F4xx_HAL_Driver/Src/stm32f4xx_hal_cortex.o
                0x0000000008001a1e                HAL_NVIC_SetPriority
 .text.HAL_NVIC_EnableIRQ
                0x0000000008001a56       0x1c ./Drivers/STM32F4xx_HAL_Driver/Src/stm32f4xx_hal_cortex.o
                0x0000000008001a56                HAL_NVIC_EnableIRQ
 .text.HAL_SYSTICK_Config
                0x0000000008001a72       0x18 ./Drivers/STM32F4xx_HAL_Driver/Src/stm32f4xx_hal_cortex.o
                0x0000000008001a72                HAL_SYSTICK_Config
 .text.HAL_CRC_Init
                0x0000000008001a8a       0x38 ./Drivers/STM32F4xx_HAL_Driver/Src/stm32f4xx_hal_crc.o
                0x0000000008001a8a                HAL_CRC_Init
 .text.HAL_DMA_Abort
                0x0000000008001ac2       0xe0 ./Drivers/STM32F4xx_HAL_Driver/Src/stm32f4xx_hal_dma.o
                0x0000000008001ac2                HAL_DMA_Abort
 .text.HAL_DMA_Abort_IT
                0x0000000008001ba2       0x44 ./Drivers/STM32F4xx_HAL_Driver/Src/stm32f4xx_hal_dma.o
                0x0000000008001ba2                HAL_DMA_Abort_IT
 *fill*         0x0000000008001be6        0x2 
 .text.HAL_GPIO_Init
                0x0000000008001be8      0x308 ./Drivers/STM32F4xx_HAL_Driver/Src/stm32f4xx_hal_gpio.o
                0x0000000008001be8                HAL_GPIO_Init
 .text.HAL_GPIO_WritePin
                0x0000000008001ef0       0x32 ./Drivers/STM32F4xx_HAL_Driver/Src/stm32f4xx_hal_gpio.o
                0x0000000008001ef0                HAL_GPIO_WritePin
 *fill*         0x0000000008001f22        0x2 
 .text.HAL_RCC_OscConfig
                0x0000000008001f24      0x4f0 ./Drivers/STM32F4xx_HAL_Driver/Src/stm32f4xx_hal_rcc.o
                0x0000000008001f24                HAL_RCC_OscConfig
 .text.HAL_RCC_ClockConfig
                0x0000000008002414      0x1cc ./Drivers/STM32F4xx_HAL_Driver/Src/stm32f4xx_hal_rcc.o
                0x0000000008002414                HAL_RCC_ClockConfig
 .text.HAL_RCC_GetSysClockFreq
                0x00000000080025e0      0x20c ./Drivers/STM32F4xx_HAL_Driver/Src/stm32f4xx_hal_rcc.o
                0x00000000080025e0                HAL_RCC_GetSysClockFreq
 .text.HAL_RCC_GetHCLKFreq
                0x00000000080027ec       0x18 ./Drivers/STM32F4xx_HAL_Driver/Src/stm32f4xx_hal_rcc.o
                0x00000000080027ec                HAL_RCC_GetHCLKFreq
 .text.HAL_RCC_GetPCLK1Freq
                0x0000000008002804       0x28 ./Drivers/STM32F4xx_HAL_Driver/Src/stm32f4xx_hal_rcc.o
                0x0000000008002804                HAL_RCC_GetPCLK1Freq
 .text.HAL_RCC_GetPCLK2Freq
                0x000000000800282c       0x28 ./Drivers/STM32F4xx_HAL_Driver/Src/stm32f4xx_hal_rcc.o
                0x000000000800282c                HAL_RCC_GetPCLK2Freq
 .text.HAL_TIM_Base_Init
                0x0000000008002854       0x9e ./Drivers/STM32F4xx_HAL_Driver/Src/stm32f4xx_hal_tim.o
                0x0000000008002854                HAL_TIM_Base_Init
 *fill*         0x00000000080028f2        0x2 
 .text.HAL_TIM_Base_Start
                0x00000000080028f4       0xb4 ./Drivers/STM32F4xx_HAL_Driver/Src/stm32f4xx_hal_tim.o
                0x00000000080028f4                HAL_TIM_Base_Start
 .text.TIM_Base_SetConfig
                0x00000000080029a8      0x118 ./Drivers/STM32F4xx_HAL_Driver/Src/stm32f4xx_hal_tim.o
                0x00000000080029a8                TIM_Base_SetConfig
 .text.HAL_UART_Init
                0x0000000008002ac0       0xa0 ./Drivers/STM32F4xx_HAL_Driver/Src/stm32f4xx_hal_uart.o
                0x0000000008002ac0                HAL_UART_Init
 .text.HAL_UART_Transmit
                0x0000000008002b60      0x116 ./Drivers/STM32F4xx_HAL_Driver/Src/stm32f4xx_hal_uart.o
                0x0000000008002b60                HAL_UART_Transmit
 .text.HAL_UART_Receive_IT
                0x0000000008002c76       0x4a ./Drivers/STM32F4xx_HAL_Driver/Src/stm32f4xx_hal_uart.o
                0x0000000008002c76                HAL_UART_Receive_IT
 .text.HAL_UART_IRQHandler
                0x0000000008002cc0      0x524 ./Drivers/STM32F4xx_HAL_Driver/Src/stm32f4xx_hal_uart.o
                0x0000000008002cc0                HAL_UART_IRQHandler
 .text.HAL_UART_TxCpltCallback
                0x00000000080031e4       0x14 ./Drivers/STM32F4xx_HAL_Driver/Src/stm32f4xx_hal_uart.o
                0x00000000080031e4                HAL_UART_TxCpltCallback
 .text.HAL_UART_ErrorCallback
                0x00000000080031f8       0x14 ./Drivers/STM32F4xx_HAL_Driver/Src/stm32f4xx_hal_uart.o
                0x00000000080031f8                HAL_UART_ErrorCallback
 .text.HAL_UARTEx_RxEventCallback
                0x000000000800320c       0x18 ./Drivers/STM32F4xx_HAL_Driver/Src/stm32f4xx_hal_uart.o
                0x000000000800320c                HAL_UARTEx_RxEventCallback
 .text.UART_WaitOnFlagUntilTimeout
                0x0000000008003224       0xb2 ./Drivers/STM32F4xx_HAL_Driver/Src/stm32f4xx_hal_uart.o
 .text.UART_Start_Receive_IT
                0x00000000080032d6       0x74 ./Drivers/STM32F4xx_HAL_Driver/Src/stm32f4xx_hal_uart.o
                0x00000000080032d6                UART_Start_Receive_IT
 .text.UART_EndRxTransfer
                0x000000000800334a       0xc6 ./Drivers/STM32F4xx_HAL_Driver/Src/stm32f4xx_hal_uart.o
 .text.UART_DMAAbortOnError
                0x0000000008003410       0x28 ./Drivers/STM32F4xx_HAL_Driver/Src/stm32f4xx_hal_uart.o
 .text.UART_Transmit_IT
                0x0000000008003438       0xa0 ./Drivers/STM32F4xx_HAL_Driver/Src/stm32f4xx_hal_uart.o
 .text.UART_EndTransmit_IT
                0x00000000080034d8       0x30 ./Drivers/STM32F4xx_HAL_Driver/Src/stm32f4xx_hal_uart.o
 .text.UART_Receive_IT
                0x0000000008003508      0x17c ./Drivers/STM32F4xx_HAL_Driver/Src/stm32f4xx_hal_uart.o
 .text.UART_SetConfig
                0x0000000008003684      0x4e8 ./Drivers/STM32F4xx_HAL_Driver/Src/stm32f4xx_hal_uart.o
 .text.can_network_configure_activations
                0x0000000008003b6c      0x11c ./X-CUBE-AI/App/can_network.o
 .text.can_network_configure_weights
                0x0000000008003c88      0x12c ./X-CUBE-AI/App/can_network.o
 .text.ai_can_network_get_error
                0x0000000008003db4       0x18 ./X-CUBE-AI/App/can_network.o
                0x0000000008003db4                ai_can_network_get_error
 .text.ai_can_network_create
                0x0000000008003dcc       0x2c ./X-CUBE-AI/App/can_network.o
                0x0000000008003dcc                ai_can_network_create
 .text.ai_can_network_create_and_init
                0x0000000008003df8       0xe8 ./X-CUBE-AI/App/can_network.o
                0x0000000008003df8                ai_can_network_create_and_init
 .text.ai_can_network_inputs_get
                0x0000000008003ee0       0x34 ./X-CUBE-AI/App/can_network.o
                0x0000000008003ee0                ai_can_network_inputs_get
 .text.ai_can_network_outputs_get
                0x0000000008003f14       0x34 ./X-CUBE-AI/App/can_network.o
                0x0000000008003f14                ai_can_network_outputs_get
 .text.ai_can_network_init
                0x0000000008003f48       0x78 ./X-CUBE-AI/App/can_network.o
                0x0000000008003f48                ai_can_network_init
 .text.ai_can_network_run
                0x0000000008003fc0       0x20 ./X-CUBE-AI/App/can_network.o
                0x0000000008003fc0                ai_can_network_run
 .text.ai_can_network_data_params_get
                0x0000000008003fe0       0x50 ./X-CUBE-AI/App/can_network_data.o
                0x0000000008003fe0                ai_can_network_data_params_get
 .text.ai_buffer_get_size
                0x0000000008004030       0x68 ../Middlewares/ST/AI/Lib/NetworkRuntime810_CM4_GCC.a(ai_platform.o)
                0x0000000008004030                ai_buffer_get_size
 .text.ai_buffer_array_sane
                0x0000000008004098       0x14 ../Middlewares/ST/AI/Lib/NetworkRuntime810_CM4_GCC.a(ai_platform.o)
                0x0000000008004098                ai_buffer_array_sane
 .text.ai_buffer_array_item_set_address
                0x00000000080040ac       0x20 ../Middlewares/ST/AI/Lib/NetworkRuntime810_CM4_GCC.a(ai_platform.o)
                0x00000000080040ac                ai_buffer_array_item_set_address
 .text._ai_platform_acquire_crc
                0x00000000080040cc        0x4 ../Middlewares/ST/AI/Lib/NetworkRuntime810_CM4_GCC.a(ai_platform_interface.o)
                0x00000000080040cc                _ai_platform_acquire_crc
 .text._ai_platform_release_crc
                0x00000000080040d0        0x4 ../Middlewares/ST/AI/Lib/NetworkRuntime810_CM4_GCC.a(ai_platform_interface.o)
                0x00000000080040d0                _ai_platform_release_crc
 .text.ai_platform_get_weights_map
                0x00000000080040d4       0xa8 ../Middlewares/ST/AI/Lib/NetworkRuntime810_CM4_GCC.a(ai_platform_interface.o)
                0x00000000080040d4                ai_platform_get_weights_map
 .text.ai_platform_get_activations_map
                0x000000000800417c       0xa8 ../Middlewares/ST/AI/Lib/NetworkRuntime810_CM4_GCC.a(ai_platform_interface.o)
                0x000000000800417c                ai_platform_get_activations_map
 .text.ai_platform_bind_network_params
                0x0000000008004224       0x44 ../Middlewares/ST/AI/Lib/NetworkRuntime810_CM4_GCC.a(ai_platform_interface.o)
                0x0000000008004224                ai_platform_bind_network_params
 .text.ai_platform_network_get_error
                0x0000000008004268       0xdc ../Middlewares/ST/AI/Lib/NetworkRuntime810_CM4_GCC.a(ai_platform_interface.o)
                0x0000000008004268                ai_platform_network_get_error
 .text.ai_platform_network_set_error
                0x0000000008004344        0xc ../Middlewares/ST/AI/Lib/NetworkRuntime810_CM4_GCC.a(ai_platform_interface.o)
                0x0000000008004344                ai_platform_network_set_error
 .text.ai_platform_inputs_get
                0x0000000008004350      0x1ac ../Middlewares/ST/AI/Lib/NetworkRuntime810_CM4_GCC.a(ai_platform_interface.o)
                0x0000000008004350                ai_platform_inputs_get
 .text.ai_platform_outputs_get
                0x00000000080044fc      0x1a0 ../Middlewares/ST/AI/Lib/NetworkRuntime810_CM4_GCC.a(ai_platform_interface.o)
                0x00000000080044fc                ai_platform_outputs_get
 .text.ai_platform_network_create
                0x000000000800469c      0x1ac ../Middlewares/ST/AI/Lib/NetworkRuntime810_CM4_GCC.a(ai_platform_interface.o)
                0x000000000800469c                ai_platform_network_create
 .text.ai_platform_network_init
                0x0000000008004848      0x1dc ../Middlewares/ST/AI/Lib/NetworkRuntime810_CM4_GCC.a(ai_platform_interface.o)
                0x0000000008004848                ai_platform_network_init
 .text.ai_platform_network_post_init
                0x0000000008004a24      0x110 ../Middlewares/ST/AI/Lib/NetworkRuntime810_CM4_GCC.a(ai_platform_interface.o)
                0x0000000008004a24                ai_platform_network_post_init
 .text.ai_platform_network_process
                0x0000000008004b34      0x508 ../Middlewares/ST/AI/Lib/NetworkRuntime810_CM4_GCC.a(ai_platform_interface.o)
                0x0000000008004b34                ai_platform_network_process
 .text.core_init
                0x000000000800503c        0x4 ../Middlewares/ST/AI/Lib/NetworkRuntime810_CM4_GCC.a(core_common.o)
                0x000000000800503c                core_init
 .text.core_get_error
                0x0000000008005040        0xc ../Middlewares/ST/AI/Lib/NetworkRuntime810_CM4_GCC.a(core_common.o)
                0x0000000008005040                core_get_error
 .text.core_set_error
                0x000000000800504c       0x18 ../Middlewares/ST/AI/Lib/NetworkRuntime810_CM4_GCC.a(core_common.o)
                0x000000000800504c                core_set_error
 .text.ai_check_custom_types
                0x0000000008005064       0x54 ../Middlewares/ST/AI/Lib/NetworkRuntime810_CM4_GCC.a(layers.o)
                0x0000000008005064                ai_check_custom_types
 .text.ai_layers_init_all
                0x00000000080050b8       0x1c ../Middlewares/ST/AI/Lib/NetworkRuntime810_CM4_GCC.a(layers.o)
                0x00000000080050b8                ai_layers_init_all
 .text.ai_layers_post_init_all
                0x00000000080050d4       0x28 ../Middlewares/ST/AI/Lib/NetworkRuntime810_CM4_GCC.a(layers.o)
                0x00000000080050d4                ai_layers_post_init_all
 .text.ai_layers_forward_all
                0x00000000080050fc       0x94 ../Middlewares/ST/AI/Lib/NetworkRuntime810_CM4_GCC.a(layers.o)
                0x00000000080050fc                ai_layers_forward_all
 .text.ai_dict_decompress_f32
                0x0000000008005190       0xa0 ../Middlewares/ST/AI/Lib/NetworkRuntime810_CM4_GCC.a(layers_conv2d_generic_float.o)
                0x0000000008005190                ai_dict_decompress_f32
 .text.forward_conv2d_if32of32wf32
                0x0000000008005230      0x18c ../Middlewares/ST/AI/Lib/NetworkRuntime810_CM4_GCC.a(layers_conv2d_generic_float.o)
                0x0000000008005230                forward_conv2d_if32of32wf32
 .text.forward_dense
                0x00000000080053bc      0x54c ../Middlewares/ST/AI/Lib/NetworkRuntime810_CM4_GCC.a(layers_conv2d_generic_float.o)
                0x00000000080053bc                forward_dense
 .text.forward_relu
                0x0000000008005908      0x268 ../Middlewares/ST/AI/Lib/NetworkRuntime810_CM4_GCC.a(layers_nl_generic_float.o)
                0x0000000008005908                forward_relu
 .text.forward_sm
                0x0000000008005b70      0x11c ../Middlewares/ST/AI/Lib/NetworkRuntime810_CM4_GCC.a(layers_nl_generic_float.o)
                0x0000000008005b70                forward_sm
 .text.forward_mp
                0x0000000008005c8c      0x1a4 ../Middlewares/ST/AI/Lib/NetworkRuntime810_CM4_GCC.a(layers_pool_generic_float.o)
                0x0000000008005c8c                forward_mp
 .text.ai_conv2d_kernel_simple_opt_f32.constprop.0
                0x0000000008005e30      0x220 ../Middlewares/ST/AI/Lib/NetworkRuntime810_CM4_GCC.a(forward_lite_conv2d_if32of32wf32.o)
 .text.forward_lite_conv2d_if32of32wf32
                0x0000000008006050      0x2c4 ../Middlewares/ST/AI/Lib/NetworkRuntime810_CM4_GCC.a(forward_lite_conv2d_if32of32wf32.o)
                0x0000000008006050                forward_lite_conv2d_if32of32wf32
 .text.forward_lite_dense_if32of32wf32
                0x0000000008006314      0x248 ../Middlewares/ST/AI/Lib/NetworkRuntime810_CM4_GCC.a(lite_dense_if32.o)
                0x0000000008006314                forward_lite_dense_if32of32wf32
 .text.st_int8_copy
                0x000000000800655c      0x10c ../Middlewares/ST/AI/Lib/NetworkRuntime810_CM4_GCC.a(st_int8_fill.o)
                0x000000000800655c                st_int8_copy
 .text.ai_array_to_buffer_fmt
                0x0000000008006668       0xd8 ../Middlewares/ST/AI/Lib/NetworkRuntime810_CM4_GCC.a(ai_datatypes_format.o)
                0x0000000008006668                ai_array_to_buffer_fmt
 .text.ai_array_get_byte_size
                0x0000000008006740       0x50 ../Middlewares/ST/AI/Lib/NetworkRuntime810_CM4_GCC.a(ai_datatypes_format.o)
                0x0000000008006740                ai_array_get_byte_size
 .text.ai_array_get_data_byte_size
                0x0000000008006790       0x24 ../Middlewares/ST/AI/Lib/NetworkRuntime810_CM4_GCC.a(ai_datatypes_format.o)
                0x0000000008006790                ai_array_get_data_byte_size
 .text.ai_version_get
                0x00000000080067b4        0xc ../Middlewares/ST/AI/Lib/NetworkRuntime810_CM4_GCC.a(ai_datatypes_internal.o)
                0x00000000080067b4                ai_version_get
 .text.get_tensor_byte_size
                0x00000000080067c0       0x30 ../Middlewares/ST/AI/Lib/NetworkRuntime810_CM4_GCC.a(ai_datatypes_internal.o)
                0x00000000080067c0                get_tensor_byte_size
 .text.atoi     0x00000000080067f0        0x8 /Applications/STM32CubeIDE.app/Contents/Eclipse/plugins/com.st.stm32cube.ide.mcu.externaltools.gnu-tools-for-stm32.11.3.rel1.macos64_1.1.100.202310310803/tools/bin/../lib/gcc/arm-none-eabi/11.3.1/../../../../arm-none-eabi/lib/thumb/v7e-m+fp/hard/libc_nano.a(libc_a-atoi.o)
                0x00000000080067f0                atoi
 .text.__cvt    0x00000000080067f8       0xc4 /Applications/STM32CubeIDE.app/Contents/Eclipse/plugins/com.st.stm32cube.ide.mcu.externaltools.gnu-tools-for-stm32.11.3.rel1.macos64_1.1.100.202310310803/tools/bin/../lib/gcc/arm-none-eabi/11.3.1/../../../../arm-none-eabi/lib/thumb/v7e-m+fp/hard/libc_nano.a(libc_a-nano-vfprintf_float.o)
                0x00000000080067f8                __cvt
 .text.__exponent
                0x00000000080068bc       0x7c /Applications/STM32CubeIDE.app/Contents/Eclipse/plugins/com.st.stm32cube.ide.mcu.externaltools.gnu-tools-for-stm32.11.3.rel1.macos64_1.1.100.202310310803/tools/bin/../lib/gcc/arm-none-eabi/11.3.1/../../../../arm-none-eabi/lib/thumb/v7e-m+fp/hard/libc_nano.a(libc_a-nano-vfprintf_float.o)
                0x00000000080068bc                __exponent
 .text._printf_float
                0x0000000008006938      0x46c /Applications/STM32CubeIDE.app/Contents/Eclipse/plugins/com.st.stm32cube.ide.mcu.externaltools.gnu-tools-for-stm32.11.3.rel1.macos64_1.1.100.202310310803/tools/bin/../lib/gcc/arm-none-eabi/11.3.1/../../../../arm-none-eabi/lib/thumb/v7e-m+fp/hard/libc_nano.a(libc_a-nano-vfprintf_float.o)
                0x0000000008006938                _printf_float
 .text.malloc   0x0000000008006da4       0x10 /Applications/STM32CubeIDE.app/Contents/Eclipse/plugins/com.st.stm32cube.ide.mcu.externaltools.gnu-tools-for-stm32.11.3.rel1.macos64_1.1.100.202310310803/tools/bin/../lib/gcc/arm-none-eabi/11.3.1/../../../../arm-none-eabi/lib/thumb/v7e-m+fp/hard/libc_nano.a(libc_a-malloc.o)
                0x0000000008006da4                malloc
 .text.sbrk_aligned
                0x0000000008006db4       0x40 /Applications/STM32CubeIDE.app/Contents/Eclipse/plugins/com.st.stm32cube.ide.mcu.externaltools.gnu-tools-for-stm32.11.3.rel1.macos64_1.1.100.202310310803/tools/bin/../lib/gcc/arm-none-eabi/11.3.1/../../../../arm-none-eabi/lib/thumb/v7e-m+fp/hard/libc_nano.a(libc_a-mallocr.o)
 .text._malloc_r
                0x0000000008006df4      0x100 /Applications/STM32CubeIDE.app/Contents/Eclipse/plugins/com.st.stm32cube.ide.mcu.externaltools.gnu-tools-for-stm32.11.3.rel1.macos64_1.1.100.202310310803/tools/bin/../lib/gcc/arm-none-eabi/11.3.1/../../../../arm-none-eabi/lib/thumb/v7e-m+fp/hard/libc_nano.a(libc_a-mallocr.o)
                0x0000000008006df4                _malloc_r
 .text._printf_common
                0x0000000008006ef4       0xda /Applications/STM32CubeIDE.app/Contents/Eclipse/plugins/com.st.stm32cube.ide.mcu.externaltools.gnu-tools-for-stm32.11.3.rel1.macos64_1.1.100.202310310803/tools/bin/../lib/gcc/arm-none-eabi/11.3.1/../../../../arm-none-eabi/lib/thumb/v7e-m+fp/hard/libc_nano.a(libc_a-nano-vfprintf_i.o)
                0x0000000008006ef4                _printf_common
 *fill*         0x0000000008006fce        0x2 
 .text._printf_i
                0x0000000008006fd0      0x244 /Applications/STM32CubeIDE.app/Contents/Eclipse/plugins/com.st.stm32cube.ide.mcu.externaltools.gnu-tools-for-stm32.11.3.rel1.macos64_1.1.100.202310310803/tools/bin/../lib/gcc/arm-none-eabi/11.3.1/../../../../arm-none-eabi/lib/thumb/v7e-m+fp/hard/libc_nano.a(libc_a-nano-vfprintf_i.o)
                0x0000000008006fd0                _printf_i
 .text.__malloc_lock
                0x0000000008007214        0xc /Applications/STM32CubeIDE.app/Contents/Eclipse/plugins/com.st.stm32cube.ide.mcu.externaltools.gnu-tools-for-stm32.11.3.rel1.macos64_1.1.100.202310310803/tools/bin/../lib/gcc/arm-none-eabi/11.3.1/../../../../arm-none-eabi/lib/thumb/v7e-m+fp/hard/libc_nano.a(libc_a-mlock.o)
                0x0000000008007214                __malloc_lock
 .text.__malloc_unlock
                0x0000000008007220        0xc /Applications/STM32CubeIDE.app/Contents/Eclipse/plugins/com.st.stm32cube.ide.mcu.externaltools.gnu-tools-for-stm32.11.3.rel1.macos64_1.1.100.202310310803/tools/bin/../lib/gcc/arm-none-eabi/11.3.1/../../../../arm-none-eabi/lib/thumb/v7e-m+fp/hard/libc_nano.a(libc_a-mlock.o)
                0x0000000008007220                __malloc_unlock
 .text.sprintf  0x000000000800722c       0x40 /Applications/STM32CubeIDE.app/Contents/Eclipse/plugins/com.st.stm32cube.ide.mcu.externaltools.gnu-tools-for-stm32.11.3.rel1.macos64_1.1.100.202310310803/tools/bin/../lib/gcc/arm-none-eabi/11.3.1/../../../../arm-none-eabi/lib/thumb/v7e-m+fp/hard/libc_nano.a(libc_a-sprintf.o)
                0x000000000800722c                sprintf
                0x000000000800722c                siprintf
 .text.std      0x000000000800726c       0x6c /Applications/STM32CubeIDE.app/Contents/Eclipse/plugins/com.st.stm32cube.ide.mcu.externaltools.gnu-tools-for-stm32.11.3.rel1.macos64_1.1.100.202310310803/tools/bin/../lib/gcc/arm-none-eabi/11.3.1/../../../../arm-none-eabi/lib/thumb/v7e-m+fp/hard/libc_nano.a(libc_a-findfp.o)
 .text.stdio_exit_handler
                0x00000000080072d8       0x18 /Applications/STM32CubeIDE.app/Contents/Eclipse/plugins/com.st.stm32cube.ide.mcu.externaltools.gnu-tools-for-stm32.11.3.rel1.macos64_1.1.100.202310310803/tools/bin/../lib/gcc/arm-none-eabi/11.3.1/../../../../arm-none-eabi/lib/thumb/v7e-m+fp/hard/libc_nano.a(libc_a-findfp.o)
 .text.cleanup_stdio
                0x00000000080072f0       0x40 /Applications/STM32CubeIDE.app/Contents/Eclipse/plugins/com.st.stm32cube.ide.mcu.externaltools.gnu-tools-for-stm32.11.3.rel1.macos64_1.1.100.202310310803/tools/bin/../lib/gcc/arm-none-eabi/11.3.1/../../../../arm-none-eabi/lib/thumb/v7e-m+fp/hard/libc_nano.a(libc_a-findfp.o)
 .text.global_stdio_init.part.0
                0x0000000008007330       0x3c /Applications/STM32CubeIDE.app/Contents/Eclipse/plugins/com.st.stm32cube.ide.mcu.externaltools.gnu-tools-for-stm32.11.3.rel1.macos64_1.1.100.202310310803/tools/bin/../lib/gcc/arm-none-eabi/11.3.1/../../../../arm-none-eabi/lib/thumb/v7e-m+fp/hard/libc_nano.a(libc_a-findfp.o)
 .text.__sfp_lock_acquire
                0x000000000800736c        0xc /Applications/STM32CubeIDE.app/Contents/Eclipse/plugins/com.st.stm32cube.ide.mcu.externaltools.gnu-tools-for-stm32.11.3.rel1.macos64_1.1.100.202310310803/tools/bin/../lib/gcc/arm-none-eabi/11.3.1/../../../../arm-none-eabi/lib/thumb/v7e-m+fp/hard/libc_nano.a(libc_a-findfp.o)
                0x000000000800736c                __sfp_lock_acquire
 .text.__sfp_lock_release
                0x0000000008007378        0xc /Applications/STM32CubeIDE.app/Contents/Eclipse/plugins/com.st.stm32cube.ide.mcu.externaltools.gnu-tools-for-stm32.11.3.rel1.macos64_1.1.100.202310310803/tools/bin/../lib/gcc/arm-none-eabi/11.3.1/../../../../arm-none-eabi/lib/thumb/v7e-m+fp/hard/libc_nano.a(libc_a-findfp.o)
                0x0000000008007378                __sfp_lock_release
 .text.__sinit  0x0000000008007384       0x30 /Applications/STM32CubeIDE.app/Contents/Eclipse/plugins/com.st.stm32cube.ide.mcu.externaltools.gnu-tools-for-stm32.11.3.rel1.macos64_1.1.100.202310310803/tools/bin/../lib/gcc/arm-none-eabi/11.3.1/../../../../arm-none-eabi/lib/thumb/v7e-m+fp/hard/libc_nano.a(libc_a-findfp.o)
                0x0000000008007384                __sinit
 .text._realloc_r
                0x00000000080073b4       0x5e /Applications/STM32CubeIDE.app/Contents/Eclipse/plugins/com.st.stm32cube.ide.mcu.externaltools.gnu-tools-for-stm32.11.3.rel1.macos64_1.1.100.202310310803/tools/bin/../lib/gcc/arm-none-eabi/11.3.1/../../../../arm-none-eabi/lib/thumb/v7e-m+fp/hard/libc_nano.a(libc_a-reallocr.o)
                0x00000000080073b4                _realloc_r
 *fill*         0x0000000008007412        0x2 
 .text._strtol_l.constprop.0
                0x0000000008007414      0x104 /Applications/STM32CubeIDE.app/Contents/Eclipse/plugins/com.st.stm32cube.ide.mcu.externaltools.gnu-tools-for-stm32.11.3.rel1.macos64_1.1.100.202310310803/tools/bin/../lib/gcc/arm-none-eabi/11.3.1/../../../../arm-none-eabi/lib/thumb/v7e-m+fp/hard/libc_nano.a(libc_a-strtol.o)
 .text.strtol   0x0000000008007518       0x14 /Applications/STM32CubeIDE.app/Contents/Eclipse/plugins/com.st.stm32cube.ide.mcu.externaltools.gnu-tools-for-stm32.11.3.rel1.macos64_1.1.100.202310310803/tools/bin/../lib/gcc/arm-none-eabi/11.3.1/../../../../arm-none-eabi/lib/thumb/v7e-m+fp/hard/libc_nano.a(libc_a-strtol.o)
                0x0000000008007518                strtol
 .text._fwalk_sglue
                0x000000000800752c       0x3c /Applications/STM32CubeIDE.app/Contents/Eclipse/plugins/com.st.stm32cube.ide.mcu.externaltools.gnu-tools-for-stm32.11.3.rel1.macos64_1.1.100.202310310803/tools/bin/../lib/gcc/arm-none-eabi/11.3.1/../../../../arm-none-eabi/lib/thumb/v7e-m+fp/hard/libc_nano.a(libc_a-fwalk.o)
                0x000000000800752c                _fwalk_sglue
 .text._puts_r  0x0000000008007568       0xa8 /Applications/STM32CubeIDE.app/Contents/Eclipse/plugins/com.st.stm32cube.ide.mcu.externaltools.gnu-tools-for-stm32.11.3.rel1.macos64_1.1.100.202310310803/tools/bin/../lib/gcc/arm-none-eabi/11.3.1/../../../../arm-none-eabi/lib/thumb/v7e-m+fp/hard/libc_nano.a(libc_a-puts.o)
                0x0000000008007568                _puts_r
 .text.puts     0x0000000008007610       0x10 /Applications/STM32CubeIDE.app/Contents/Eclipse/plugins/com.st.stm32cube.ide.mcu.externaltools.gnu-tools-for-stm32.11.3.rel1.macos64_1.1.100.202310310803/tools/bin/../lib/gcc/arm-none-eabi/11.3.1/../../../../arm-none-eabi/lib/thumb/v7e-m+fp/hard/libc_nano.a(libc_a-puts.o)
                0x0000000008007610                puts
 .text.strtok   0x0000000008007620       0x68 /Applications/STM32CubeIDE.app/Contents/Eclipse/plugins/com.st.stm32cube.ide.mcu.externaltools.gnu-tools-for-stm32.11.3.rel1.macos64_1.1.100.202310310803/tools/bin/../lib/gcc/arm-none-eabi/11.3.1/../../../../arm-none-eabi/lib/thumb/v7e-m+fp/hard/libc_nano.a(libc_a-strtok.o)
                0x0000000008007620                strtok
 .text.__strtok_r
                0x0000000008007688       0x50 /Applications/STM32CubeIDE.app/Contents/Eclipse/plugins/com.st.stm32cube.ide.mcu.externaltools.gnu-tools-for-stm32.11.3.rel1.macos64_1.1.100.202310310803/tools/bin/../lib/gcc/arm-none-eabi/11.3.1/../../../../arm-none-eabi/lib/thumb/v7e-m+fp/hard/libc_nano.a(libc_a-strtok_r.o)
                0x0000000008007688                __strtok_r
 .text.memset   0x00000000080076d8       0x10 /Applications/STM32CubeIDE.app/Contents/Eclipse/plugins/com.st.stm32cube.ide.mcu.externaltools.gnu-tools-for-stm32.11.3.rel1.macos64_1.1.100.202310310803/tools/bin/../lib/gcc/arm-none-eabi/11.3.1/../../../../arm-none-eabi/lib/thumb/v7e-m+fp/hard/libc_nano.a(libc_a-memset.o)
                0x00000000080076d8                memset
 .text._localeconv_r
                0x00000000080076e8        0x8 /Applications/STM32CubeIDE.app/Contents/Eclipse/plugins/com.st.stm32cube.ide.mcu.externaltools.gnu-tools-for-stm32.11.3.rel1.macos64_1.1.100.202310310803/tools/bin/../lib/gcc/arm-none-eabi/11.3.1/../../../../arm-none-eabi/lib/thumb/v7e-m+fp/hard/libc_nano.a(libc_a-localeconv.o)
                0x00000000080076e8                _localeconv_r
 .text._sbrk_r  0x00000000080076f0       0x20 /Applications/STM32CubeIDE.app/Contents/Eclipse/plugins/com.st.stm32cube.ide.mcu.externaltools.gnu-tools-for-stm32.11.3.rel1.macos64_1.1.100.202310310803/tools/bin/../lib/gcc/arm-none-eabi/11.3.1/../../../../arm-none-eabi/lib/thumb/v7e-m+fp/hard/libc_nano.a(libc_a-sbrkr.o)
                0x00000000080076f0                _sbrk_r
 .text.__errno  0x0000000008007710        0xc /Applications/STM32CubeIDE.app/Contents/Eclipse/plugins/com.st.stm32cube.ide.mcu.externaltools.gnu-tools-for-stm32.11.3.rel1.macos64_1.1.100.202310310803/tools/bin/../lib/gcc/arm-none-eabi/11.3.1/../../../../arm-none-eabi/lib/thumb/v7e-m+fp/hard/libc_nano.a(libc_a-errno.o)
                0x0000000008007710                __errno
 .text.__libc_init_array
                0x000000000800771c       0x48 /Applications/STM32CubeIDE.app/Contents/Eclipse/plugins/com.st.stm32cube.ide.mcu.externaltools.gnu-tools-for-stm32.11.3.rel1.macos64_1.1.100.202310310803/tools/bin/../lib/gcc/arm-none-eabi/11.3.1/../../../../arm-none-eabi/lib/thumb/v7e-m+fp/hard/libc_nano.a(libc_a-init.o)
                0x000000000800771c                __libc_init_array
 .text.__retarget_lock_init_recursive
                0x0000000008007764        0x2 /Applications/STM32CubeIDE.app/Contents/Eclipse/plugins/com.st.stm32cube.ide.mcu.externaltools.gnu-tools-for-stm32.11.3.rel1.macos64_1.1.100.202310310803/tools/bin/../lib/gcc/arm-none-eabi/11.3.1/../../../../arm-none-eabi/lib/thumb/v7e-m+fp/hard/libc_nano.a(libc_a-lock.o)
                0x0000000008007764                __retarget_lock_init_recursive
 .text.__retarget_lock_acquire_recursive
                0x0000000008007766        0x2 /Applications/STM32CubeIDE.app/Contents/Eclipse/plugins/com.st.stm32cube.ide.mcu.externaltools.gnu-tools-for-stm32.11.3.rel1.macos64_1.1.100.202310310803/tools/bin/../lib/gcc/arm-none-eabi/11.3.1/../../../../arm-none-eabi/lib/thumb/v7e-m+fp/hard/libc_nano.a(libc_a-lock.o)
                0x0000000008007766                __retarget_lock_acquire_recursive
 .text.__retarget_lock_release_recursive
                0x0000000008007768        0x2 /Applications/STM32CubeIDE.app/Contents/Eclipse/plugins/com.st.stm32cube.ide.mcu.externaltools.gnu-tools-for-stm32.11.3.rel1.macos64_1.1.100.202310310803/tools/bin/../lib/gcc/arm-none-eabi/11.3.1/../../../../arm-none-eabi/lib/thumb/v7e-m+fp/hard/libc_nano.a(libc_a-lock.o)
                0x0000000008007768                __retarget_lock_release_recursive
 .text.memcpy   0x000000000800776a       0x1c /Applications/STM32CubeIDE.app/Contents/Eclipse/plugins/com.st.stm32cube.ide.mcu.externaltools.gnu-tools-for-stm32.11.3.rel1.macos64_1.1.100.202310310803/tools/bin/../lib/gcc/arm-none-eabi/11.3.1/../../../../arm-none-eabi/lib/thumb/v7e-m+fp/hard/libc_nano.a(libc_a-memcpy-stub.o)
                0x000000000800776a                memcpy
 *fill*         0x0000000008007786        0x2 
 .text.__assert_func
                0x0000000008007788       0x3c /Applications/STM32CubeIDE.app/Contents/Eclipse/plugins/com.st.stm32cube.ide.mcu.externaltools.gnu-tools-for-stm32.11.3.rel1.macos64_1.1.100.202310310803/tools/bin/../lib/gcc/arm-none-eabi/11.3.1/../../../../arm-none-eabi/lib/thumb/v7e-m+fp/hard/libc_nano.a(libc_a-assert.o)
                0x0000000008007788                __assert_func
 .text.quorem   0x00000000080077c4      0x110 /Applications/STM32CubeIDE.app/Contents/Eclipse/plugins/com.st.stm32cube.ide.mcu.externaltools.gnu-tools-for-stm32.11.3.rel1.macos64_1.1.100.202310310803/tools/bin/../lib/gcc/arm-none-eabi/11.3.1/../../../../arm-none-eabi/lib/thumb/v7e-m+fp/hard/libc_nano.a(libc_a-dtoa.o)
 *fill*         0x00000000080078d4        0x4 
 .text._dtoa_r  0x00000000080078d8      0xbe4 /Applications/STM32CubeIDE.app/Contents/Eclipse/plugins/com.st.stm32cube.ide.mcu.externaltools.gnu-tools-for-stm32.11.3.rel1.macos64_1.1.100.202310310803/tools/bin/../lib/gcc/arm-none-eabi/11.3.1/../../../../arm-none-eabi/lib/thumb/v7e-m+fp/hard/libc_nano.a(libc_a-dtoa.o)
                0x00000000080078d8                _dtoa_r
 .text._free_r  0x00000000080084bc       0x98 /Applications/STM32CubeIDE.app/Contents/Eclipse/plugins/com.st.stm32cube.ide.mcu.externaltools.gnu-tools-for-stm32.11.3.rel1.macos64_1.1.100.202310310803/tools/bin/../lib/gcc/arm-none-eabi/11.3.1/../../../../arm-none-eabi/lib/thumb/v7e-m+fp/hard/libc_nano.a(libc_a-freer.o)
                0x00000000080084bc                _free_r
 .text.__ssputs_r
                0x0000000008008554       0xb4 /Applications/STM32CubeIDE.app/Contents/Eclipse/plugins/com.st.stm32cube.ide.mcu.externaltools.gnu-tools-for-stm32.11.3.rel1.macos64_1.1.100.202310310803/tools/bin/../lib/gcc/arm-none-eabi/11.3.1/../../../../arm-none-eabi/lib/thumb/v7e-m+fp/hard/libc_nano.a(libc_a-nano-svfprintf.o)
                0x0000000008008554                __ssputs_r
 .text._svfprintf_r
                0x0000000008008608      0x1fc /Applications/STM32CubeIDE.app/Contents/Eclipse/plugins/com.st.stm32cube.ide.mcu.externaltools.gnu-tools-for-stm32.11.3.rel1.macos64_1.1.100.202310310803/tools/bin/../lib/gcc/arm-none-eabi/11.3.1/../../../../arm-none-eabi/lib/thumb/v7e-m+fp/hard/libc_nano.a(libc_a-nano-svfprintf.o)
                0x0000000008008608                _svfprintf_r
                0x0000000008008608                _svfiprintf_r
 .text.__sflush_r
                0x0000000008008804      0x10c /Applications/STM32CubeIDE.app/Contents/Eclipse/plugins/com.st.stm32cube.ide.mcu.externaltools.gnu-tools-for-stm32.11.3.rel1.macos64_1.1.100.202310310803/tools/bin/../lib/gcc/arm-none-eabi/11.3.1/../../../../arm-none-eabi/lib/thumb/v7e-m+fp/hard/libc_nano.a(libc_a-fflush.o)
                0x0000000008008804                __sflush_r
 .text._fflush_r
                0x0000000008008910       0x50 /Applications/STM32CubeIDE.app/Contents/Eclipse/plugins/com.st.stm32cube.ide.mcu.externaltools.gnu-tools-for-stm32.11.3.rel1.macos64_1.1.100.202310310803/tools/bin/../lib/gcc/arm-none-eabi/11.3.1/../../../../arm-none-eabi/lib/thumb/v7e-m+fp/hard/libc_nano.a(libc_a-fflush.o)
                0x0000000008008910                _fflush_r
 .text._Balloc  0x0000000008008960       0x80 /Applications/STM32CubeIDE.app/Contents/Eclipse/plugins/com.st.stm32cube.ide.mcu.externaltools.gnu-tools-for-stm32.11.3.rel1.macos64_1.1.100.202310310803/tools/bin/../lib/gcc/arm-none-eabi/11.3.1/../../../../arm-none-eabi/lib/thumb/v7e-m+fp/hard/libc_nano.a(libc_a-mprec.o)
                0x0000000008008960                _Balloc
 .text._Bfree   0x00000000080089e0       0x44 /Applications/STM32CubeIDE.app/Contents/Eclipse/plugins/com.st.stm32cube.ide.mcu.externaltools.gnu-tools-for-stm32.11.3.rel1.macos64_1.1.100.202310310803/tools/bin/../lib/gcc/arm-none-eabi/11.3.1/../../../../arm-none-eabi/lib/thumb/v7e-m+fp/hard/libc_nano.a(libc_a-mprec.o)
                0x00000000080089e0                _Bfree
 .text.__multadd
                0x0000000008008a24       0x8c /Applications/STM32CubeIDE.app/Contents/Eclipse/plugins/com.st.stm32cube.ide.mcu.externaltools.gnu-tools-for-stm32.11.3.rel1.macos64_1.1.100.202310310803/tools/bin/../lib/gcc/arm-none-eabi/11.3.1/../../../../arm-none-eabi/lib/thumb/v7e-m+fp/hard/libc_nano.a(libc_a-mprec.o)
                0x0000000008008a24                __multadd
 .text.__hi0bits
                0x0000000008008ab0       0x40 /Applications/STM32CubeIDE.app/Contents/Eclipse/plugins/com.st.stm32cube.ide.mcu.externaltools.gnu-tools-for-stm32.11.3.rel1.macos64_1.1.100.202310310803/tools/bin/../lib/gcc/arm-none-eabi/11.3.1/../../../../arm-none-eabi/lib/thumb/v7e-m+fp/hard/libc_nano.a(libc_a-mprec.o)
                0x0000000008008ab0                __hi0bits
 .text.__lo0bits
                0x0000000008008af0       0x5a /Applications/STM32CubeIDE.app/Contents/Eclipse/plugins/com.st.stm32cube.ide.mcu.externaltools.gnu-tools-for-stm32.11.3.rel1.macos64_1.1.100.202310310803/tools/bin/../lib/gcc/arm-none-eabi/11.3.1/../../../../arm-none-eabi/lib/thumb/v7e-m+fp/hard/libc_nano.a(libc_a-mprec.o)
                0x0000000008008af0                __lo0bits
 *fill*         0x0000000008008b4a        0x2 
 .text.__i2b    0x0000000008008b4c       0x2c /Applications/STM32CubeIDE.app/Contents/Eclipse/plugins/com.st.stm32cube.ide.mcu.externaltools.gnu-tools-for-stm32.11.3.rel1.macos64_1.1.100.202310310803/tools/bin/../lib/gcc/arm-none-eabi/11.3.1/../../../../arm-none-eabi/lib/thumb/v7e-m+fp/hard/libc_nano.a(libc_a-mprec.o)
                0x0000000008008b4c                __i2b
 .text.__multiply
                0x0000000008008b78      0x154 /Applications/STM32CubeIDE.app/Contents/Eclipse/plugins/com.st.stm32cube.ide.mcu.externaltools.gnu-tools-for-stm32.11.3.rel1.macos64_1.1.100.202310310803/tools/bin/../lib/gcc/arm-none-eabi/11.3.1/../../../../arm-none-eabi/lib/thumb/v7e-m+fp/hard/libc_nano.a(libc_a-mprec.o)
                0x0000000008008b78                __multiply
 .text.__pow5mult
                0x0000000008008ccc       0xb4 /Applications/STM32CubeIDE.app/Contents/Eclipse/plugins/com.st.stm32cube.ide.mcu.externaltools.gnu-tools-for-stm32.11.3.rel1.macos64_1.1.100.202310310803/tools/bin/../lib/gcc/arm-none-eabi/11.3.1/../../../../arm-none-eabi/lib/thumb/v7e-m+fp/hard/libc_nano.a(libc_a-mprec.o)
                0x0000000008008ccc                __pow5mult
 .text.__lshift
                0x0000000008008d80       0xd8 /Applications/STM32CubeIDE.app/Contents/Eclipse/plugins/com.st.stm32cube.ide.mcu.externaltools.gnu-tools-for-stm32.11.3.rel1.macos64_1.1.100.202310310803/tools/bin/../lib/gcc/arm-none-eabi/11.3.1/../../../../arm-none-eabi/lib/thumb/v7e-m+fp/hard/libc_nano.a(libc_a-mprec.o)
                0x0000000008008d80                __lshift
 .text.__mcmp   0x0000000008008e58       0x38 /Applications/STM32CubeIDE.app/Contents/Eclipse/plugins/com.st.stm32cube.ide.mcu.externaltools.gnu-tools-for-stm32.11.3.rel1.macos64_1.1.100.202310310803/tools/bin/../lib/gcc/arm-none-eabi/11.3.1/../../../../arm-none-eabi/lib/thumb/v7e-m+fp/hard/libc_nano.a(libc_a-mprec.o)
                0x0000000008008e58                __mcmp
 .text.__mdiff  0x0000000008008e90      0x114 /Applications/STM32CubeIDE.app/Contents/Eclipse/plugins/com.st.stm32cube.ide.mcu.externaltools.gnu-tools-for-stm32.11.3.rel1.macos64_1.1.100.202310310803/tools/bin/../lib/gcc/arm-none-eabi/11.3.1/../../../../arm-none-eabi/lib/thumb/v7e-m+fp/hard/libc_nano.a(libc_a-mprec.o)
                0x0000000008008e90                __mdiff
 .text.__d2b    0x0000000008008fa4       0xb4 /Applications/STM32CubeIDE.app/Contents/Eclipse/plugins/com.st.stm32cube.ide.mcu.externaltools.gnu-tools-for-stm32.11.3.rel1.macos64_1.1.100.202310310803/tools/bin/../lib/gcc/arm-none-eabi/11.3.1/../../../../arm-none-eabi/lib/thumb/v7e-m+fp/hard/libc_nano.a(libc_a-mprec.o)
                0x0000000008008fa4                __d2b
 .text._malloc_usable_size_r
                0x0000000008009058       0x10 /Applications/STM32CubeIDE.app/Contents/Eclipse/plugins/com.st.stm32cube.ide.mcu.externaltools.gnu-tools-for-stm32.11.3.rel1.macos64_1.1.100.202310310803/tools/bin/../lib/gcc/arm-none-eabi/11.3.1/../../../../arm-none-eabi/lib/thumb/v7e-m+fp/hard/libc_nano.a(libc_a-msizer.o)
                0x0000000008009058                _malloc_usable_size_r
 .text.__sread  0x0000000008009068       0x22 /Applications/STM32CubeIDE.app/Contents/Eclipse/plugins/com.st.stm32cube.ide.mcu.externaltools.gnu-tools-for-stm32.11.3.rel1.macos64_1.1.100.202310310803/tools/bin/../lib/gcc/arm-none-eabi/11.3.1/../../../../arm-none-eabi/lib/thumb/v7e-m+fp/hard/libc_nano.a(libc_a-stdio.o)
                0x0000000008009068                __sread
 .text.__swrite
                0x000000000800908a       0x38 /Applications/STM32CubeIDE.app/Contents/Eclipse/plugins/com.st.stm32cube.ide.mcu.externaltools.gnu-tools-for-stm32.11.3.rel1.macos64_1.1.100.202310310803/tools/bin/../lib/gcc/arm-none-eabi/11.3.1/../../../../arm-none-eabi/lib/thumb/v7e-m+fp/hard/libc_nano.a(libc_a-stdio.o)
                0x000000000800908a                __swrite
 .text.__sseek  0x00000000080090c2       0x24 /Applications/STM32CubeIDE.app/Contents/Eclipse/plugins/com.st.stm32cube.ide.mcu.externaltools.gnu-tools-for-stm32.11.3.rel1.macos64_1.1.100.202310310803/tools/bin/../lib/gcc/arm-none-eabi/11.3.1/../../../../arm-none-eabi/lib/thumb/v7e-m+fp/hard/libc_nano.a(libc_a-stdio.o)
                0x00000000080090c2                __sseek
 .text.__sclose
                0x00000000080090e6        0x8 /Applications/STM32CubeIDE.app/Contents/Eclipse/plugins/com.st.stm32cube.ide.mcu.externaltools.gnu-tools-for-stm32.11.3.rel1.macos64_1.1.100.202310310803/tools/bin/../lib/gcc/arm-none-eabi/11.3.1/../../../../arm-none-eabi/lib/thumb/v7e-m+fp/hard/libc_nano.a(libc_a-stdio.o)
                0x00000000080090e6                __sclose
 *fill*         0x00000000080090ee        0x2 
 .text.fprintf  0x00000000080090f0       0x24 /Applications/STM32CubeIDE.app/Contents/Eclipse/plugins/com.st.stm32cube.ide.mcu.externaltools.gnu-tools-for-stm32.11.3.rel1.macos64_1.1.100.202310310803/tools/bin/../lib/gcc/arm-none-eabi/11.3.1/../../../../arm-none-eabi/lib/thumb/v7e-m+fp/hard/libc_nano.a(libc_a-fprintf.o)
                0x00000000080090f0                fprintf
                0x00000000080090f0                fiprintf
 .text.__swbuf_r
                0x0000000008009114       0x7a /Applications/STM32CubeIDE.app/Contents/Eclipse/plugins/com.st.stm32cube.ide.mcu.externaltools.gnu-tools-for-stm32.11.3.rel1.macos64_1.1.100.202310310803/tools/bin/../lib/gcc/arm-none-eabi/11.3.1/../../../../arm-none-eabi/lib/thumb/v7e-m+fp/hard/libc_nano.a(libc_a-wbuf.o)
                0x0000000008009114                __swbuf_r
 *fill*         0x000000000800918e        0x2 
 .text.__swsetup_r
                0x0000000008009190       0xb0 /Applications/STM32CubeIDE.app/Contents/Eclipse/plugins/com.st.stm32cube.ide.mcu.externaltools.gnu-tools-for-stm32.11.3.rel1.macos64_1.1.100.202310310803/tools/bin/../lib/gcc/arm-none-eabi/11.3.1/../../../../arm-none-eabi/lib/thumb/v7e-m+fp/hard/libc_nano.a(libc_a-wsetup.o)
                0x0000000008009190                __swsetup_r
 .text.__swhatbuf_r
                0x0000000008009240       0x4c /Applications/STM32CubeIDE.app/Contents/Eclipse/plugins/com.st.stm32cube.ide.mcu.externaltools.gnu-tools-for-stm32.11.3.rel1.macos64_1.1.100.202310310803/tools/bin/../lib/gcc/arm-none-eabi/11.3.1/../../../../arm-none-eabi/lib/thumb/v7e-m+fp/hard/libc_nano.a(libc_a-makebuf.o)
                0x0000000008009240                __swhatbuf_r
 .text.__smakebuf_r
                0x000000000800928c       0x78 /Applications/STM32CubeIDE.app/Contents/Eclipse/plugins/com.st.stm32cube.ide.mcu.externaltools.gnu-tools-for-stm32.11.3.rel1.macos64_1.1.100.202310310803/tools/bin/../lib/gcc/arm-none-eabi/11.3.1/../../../../arm-none-eabi/lib/thumb/v7e-m+fp/hard/libc_nano.a(libc_a-makebuf.o)
                0x000000000800928c                __smakebuf_r
 .text.memmove  0x0000000008009304       0x34 /Applications/STM32CubeIDE.app/Contents/Eclipse/plugins/com.st.stm32cube.ide.mcu.externaltools.gnu-tools-for-stm32.11.3.rel1.macos64_1.1.100.202310310803/tools/bin/../lib/gcc/arm-none-eabi/11.3.1/../../../../arm-none-eabi/lib/thumb/v7e-m+fp/hard/libc_nano.a(libc_a-memmove.o)
                0x0000000008009304                memmove
 .text._close_r
                0x0000000008009338       0x20 /Applications/STM32CubeIDE.app/Contents/Eclipse/plugins/com.st.stm32cube.ide.mcu.externaltools.gnu-tools-for-stm32.11.3.rel1.macos64_1.1.100.202310310803/tools/bin/../lib/gcc/arm-none-eabi/11.3.1/../../../../arm-none-eabi/lib/thumb/v7e-m+fp/hard/libc_nano.a(libc_a-closer.o)
                0x0000000008009338                _close_r
 .text._fstat_r
                0x0000000008009358       0x24 /Applications/STM32CubeIDE.app/Contents/Eclipse/plugins/com.st.stm32cube.ide.mcu.externaltools.gnu-tools-for-stm32.11.3.rel1.macos64_1.1.100.202310310803/tools/bin/../lib/gcc/arm-none-eabi/11.3.1/../../../../arm-none-eabi/lib/thumb/v7e-m+fp/hard/libc_nano.a(libc_a-fstatr.o)
                0x0000000008009358                _fstat_r
 .text._isatty_r
                0x000000000800937c       0x20 /Applications/STM32CubeIDE.app/Contents/Eclipse/plugins/com.st.stm32cube.ide.mcu.externaltools.gnu-tools-for-stm32.11.3.rel1.macos64_1.1.100.202310310803/tools/bin/../lib/gcc/arm-none-eabi/11.3.1/../../../../arm-none-eabi/lib/thumb/v7e-m+fp/hard/libc_nano.a(libc_a-isattyr.o)
                0x000000000800937c                _isatty_r
 .text._lseek_r
                0x000000000800939c       0x24 /Applications/STM32CubeIDE.app/Contents/Eclipse/plugins/com.st.stm32cube.ide.mcu.externaltools.gnu-tools-for-stm32.11.3.rel1.macos64_1.1.100.202310310803/tools/bin/../lib/gcc/arm-none-eabi/11.3.1/../../../../arm-none-eabi/lib/thumb/v7e-m+fp/hard/libc_nano.a(libc_a-lseekr.o)
                0x000000000800939c                _lseek_r
 .text._read_r  0x00000000080093c0       0x24 /Applications/STM32CubeIDE.app/Contents/Eclipse/plugins/com.st.stm32cube.ide.mcu.externaltools.gnu-tools-for-stm32.11.3.rel1.macos64_1.1.100.202310310803/tools/bin/../lib/gcc/arm-none-eabi/11.3.1/../../../../arm-none-eabi/lib/thumb/v7e-m+fp/hard/libc_nano.a(libc_a-readr.o)
                0x00000000080093c0                _read_r
 .text._write_r
                0x00000000080093e4       0x24 /Applications/STM32CubeIDE.app/Contents/Eclipse/plugins/com.st.stm32cube.ide.mcu.externaltools.gnu-tools-for-stm32.11.3.rel1.macos64_1.1.100.202310310803/tools/bin/../lib/gcc/arm-none-eabi/11.3.1/../../../../arm-none-eabi/lib/thumb/v7e-m+fp/hard/libc_nano.a(libc_a-writer.o)
                0x00000000080093e4                _write_r
 .text.abort    0x0000000008009408        0xe /Applications/STM32CubeIDE.app/Contents/Eclipse/plugins/com.st.stm32cube.ide.mcu.externaltools.gnu-tools-for-stm32.11.3.rel1.macos64_1.1.100.202310310803/tools/bin/../lib/gcc/arm-none-eabi/11.3.1/../../../../arm-none-eabi/lib/thumb/v7e-m+fp/hard/libc_nano.a(libc_a-abort.o)
                0x0000000008009408                abort
 .text._calloc_r
                0x0000000008009416       0x2c /Applications/STM32CubeIDE.app/Contents/Eclipse/plugins/com.st.stm32cube.ide.mcu.externaltools.gnu-tools-for-stm32.11.3.rel1.macos64_1.1.100.202310310803/tools/bin/../lib/gcc/arm-none-eabi/11.3.1/../../../../arm-none-eabi/lib/thumb/v7e-m+fp/hard/libc_nano.a(libc_a-callocr.o)
                0x0000000008009416                _calloc_r
 .text.__sfputc_r
                0x0000000008009442       0x2e /Applications/STM32CubeIDE.app/Contents/Eclipse/plugins/com.st.stm32cube.ide.mcu.externaltools.gnu-tools-for-stm32.11.3.rel1.macos64_1.1.100.202310310803/tools/bin/../lib/gcc/arm-none-eabi/11.3.1/../../../../arm-none-eabi/lib/thumb/v7e-m+fp/hard/libc_nano.a(libc_a-nano-vfprintf.o)
 .text.__sfputs_r
                0x0000000008009470       0x24 /Applications/STM32CubeIDE.app/Contents/Eclipse/plugins/com.st.stm32cube.ide.mcu.externaltools.gnu-tools-for-stm32.11.3.rel1.macos64_1.1.100.202310310803/tools/bin/../lib/gcc/arm-none-eabi/11.3.1/../../../../arm-none-eabi/lib/thumb/v7e-m+fp/hard/libc_nano.a(libc_a-nano-vfprintf.o)
                0x0000000008009470                __sfputs_r
 .text._vfprintf_r
                0x0000000008009494      0x234 /Applications/STM32CubeIDE.app/Contents/Eclipse/plugins/com.st.stm32cube.ide.mcu.externaltools.gnu-tools-for-stm32.11.3.rel1.macos64_1.1.100.202310310803/tools/bin/../lib/gcc/arm-none-eabi/11.3.1/../../../../arm-none-eabi/lib/thumb/v7e-m+fp/hard/libc_nano.a(libc_a-nano-vfprintf.o)
                0x0000000008009494                _vfiprintf_r
                0x0000000008009494                _vfprintf_r
 .text.__ascii_mbtowc
                0x00000000080096c8       0x24 /Applications/STM32CubeIDE.app/Contents/Eclipse/plugins/com.st.stm32cube.ide.mcu.externaltools.gnu-tools-for-stm32.11.3.rel1.macos64_1.1.100.202310310803/tools/bin/../lib/gcc/arm-none-eabi/11.3.1/../../../../arm-none-eabi/lib/thumb/v7e-m+fp/hard/libc_nano.a(libc_a-mbtowc_r.o)
                0x00000000080096c8                __ascii_mbtowc
 .text.__ascii_wctomb
                0x00000000080096ec       0x1a /Applications/STM32CubeIDE.app/Contents/Eclipse/plugins/com.st.stm32cube.ide.mcu.externaltools.gnu-tools-for-stm32.11.3.rel1.macos64_1.1.100.202310310803/tools/bin/../lib/gcc/arm-none-eabi/11.3.1/../../../../arm-none-eabi/lib/thumb/v7e-m+fp/hard/libc_nano.a(libc_a-wctomb_r.o)
                0x00000000080096ec                __ascii_wctomb
 .text._raise_r
                0x0000000008009706       0x50 /Applications/STM32CubeIDE.app/Contents/Eclipse/plugins/com.st.stm32cube.ide.mcu.externaltools.gnu-tools-for-stm32.11.3.rel1.macos64_1.1.100.202310310803/tools/bin/../lib/gcc/arm-none-eabi/11.3.1/../../../../arm-none-eabi/lib/thumb/v7e-m+fp/hard/libc_nano.a(libc_a-signal.o)
                0x0000000008009706                _raise_r
 *fill*         0x0000000008009756        0x2 
 .text.raise    0x0000000008009758       0x10 /Applications/STM32CubeIDE.app/Contents/Eclipse/plugins/com.st.stm32cube.ide.mcu.externaltools.gnu-tools-for-stm32.11.3.rel1.macos64_1.1.100.202310310803/tools/bin/../lib/gcc/arm-none-eabi/11.3.1/../../../../arm-none-eabi/lib/thumb/v7e-m+fp/hard/libc_nano.a(libc_a-signal.o)
                0x0000000008009758                raise
 .text._kill_r  0x0000000008009768       0x24 /Applications/STM32CubeIDE.app/Contents/Eclipse/plugins/com.st.stm32cube.ide.mcu.externaltools.gnu-tools-for-stm32.11.3.rel1.macos64_1.1.100.202310310803/tools/bin/../lib/gcc/arm-none-eabi/11.3.1/../../../../arm-none-eabi/lib/thumb/v7e-m+fp/hard/libc_nano.a(libc_a-signalr.o)
                0x0000000008009768                _kill_r
 .text._getpid_r
                0x000000000800978c        0x4 /Applications/STM32CubeIDE.app/Contents/Eclipse/plugins/com.st.stm32cube.ide.mcu.externaltools.gnu-tools-for-stm32.11.3.rel1.macos64_1.1.100.202310310803/tools/bin/../lib/gcc/arm-none-eabi/11.3.1/../../../../arm-none-eabi/lib/thumb/v7e-m+fp/hard/libc_nano.a(libc_a-signalr.o)
                0x000000000800978c                _getpid_r
 .text.expf     0x0000000008009790       0x6c /Applications/STM32CubeIDE.app/Contents/Eclipse/plugins/com.st.stm32cube.ide.mcu.externaltools.gnu-tools-for-stm32.11.3.rel1.macos64_1.1.100.202310310803/tools/bin/../lib/gcc/arm-none-eabi/11.3.1/../../../../arm-none-eabi/lib/thumb/v7e-m+fp/hard/libm.a(libm_a-wf_exp.o)
                0x0000000008009790                expf
 .text.finitef  0x00000000080097fc       0x1a /Applications/STM32CubeIDE.app/Contents/Eclipse/plugins/com.st.stm32cube.ide.mcu.externaltools.gnu-tools-for-stm32.11.3.rel1.macos64_1.1.100.202310310803/tools/bin/../lib/gcc/arm-none-eabi/11.3.1/../../../../arm-none-eabi/lib/thumb/v7e-m+fp/hard/libm.a(libm_a-sf_finite.o)
                0x00000000080097fc                finitef
 *fill*         0x0000000008009816        0x2 
 .text.__ieee754_expf
                0x0000000008009818      0x19c /Applications/STM32CubeIDE.app/Contents/Eclipse/plugins/com.st.stm32cube.ide.mcu.externaltools.gnu-tools-for-stm32.11.3.rel1.macos64_1.1.100.202310310803/tools/bin/../lib/gcc/arm-none-eabi/11.3.1/../../../../arm-none-eabi/lib/thumb/v7e-m+fp/hard/libm.a(libm_a-ef_exp.o)
                0x0000000008009818                __ieee754_expf
 .text.with_errnof
                0x00000000080099b4       0x16 /Applications/STM32CubeIDE.app/Contents/Eclipse/plugins/com.st.stm32cube.ide.mcu.externaltools.gnu-tools-for-stm32.11.3.rel1.macos64_1.1.100.202310310803/tools/bin/../lib/gcc/arm-none-eabi/11.3.1/../../../../arm-none-eabi/lib/thumb/v7e-m+fp/hard/libm.a(libm_a-math_errf.o)
 .text.xflowf   0x00000000080099ca       0x16 /Applications/STM32CubeIDE.app/Contents/Eclipse/plugins/com.st.stm32cube.ide.mcu.externaltools.gnu-tools-for-stm32.11.3.rel1.macos64_1.1.100.202310310803/tools/bin/../lib/gcc/arm-none-eabi/11.3.1/../../../../arm-none-eabi/lib/thumb/v7e-m+fp/hard/libm.a(libm_a-math_errf.o)
 .text.__math_uflowf
                0x00000000080099e0        0xc /Applications/STM32CubeIDE.app/Contents/Eclipse/plugins/com.st.stm32cube.ide.mcu.externaltools.gnu-tools-for-stm32.11.3.rel1.macos64_1.1.100.202310310803/tools/bin/../lib/gcc/arm-none-eabi/11.3.1/../../../../arm-none-eabi/lib/thumb/v7e-m+fp/hard/libm.a(libm_a-math_errf.o)
                0x00000000080099e0                __math_uflowf
 .text.__math_oflowf
                0x00000000080099ec        0xc /Applications/STM32CubeIDE.app/Contents/Eclipse/plugins/com.st.stm32cube.ide.mcu.externaltools.gnu-tools-for-stm32.11.3.rel1.macos64_1.1.100.202310310803/tools/bin/../lib/gcc/arm-none-eabi/11.3.1/../../../../arm-none-eabi/lib/thumb/v7e-m+fp/hard/libm.a(libm_a-math_errf.o)
                0x00000000080099ec                __math_oflowf
 .text._close   0x00000000080099f8       0x10 /Applications/STM32CubeIDE.app/Contents/Eclipse/plugins/com.st.stm32cube.ide.mcu.externaltools.gnu-tools-for-stm32.11.3.rel1.macos64_1.1.100.202310310803/tools/bin/../lib/gcc/arm-none-eabi/11.3.1/../../../../arm-none-eabi/lib/thumb/v7e-m+fp/hard/libnosys.a(close.o)
                0x00000000080099f8                _close
 .text._fstat   0x0000000008009a08       0x10 /Applications/STM32CubeIDE.app/Contents/Eclipse/plugins/com.st.stm32cube.ide.mcu.externaltools.gnu-tools-for-stm32.11.3.rel1.macos64_1.1.100.202310310803/tools/bin/../lib/gcc/arm-none-eabi/11.3.1/../../../../arm-none-eabi/lib/thumb/v7e-m+fp/hard/libnosys.a(fstat.o)
                0x0000000008009a08                _fstat
 .text._getpid  0x0000000008009a18       0x10 /Applications/STM32CubeIDE.app/Contents/Eclipse/plugins/com.st.stm32cube.ide.mcu.externaltools.gnu-tools-for-stm32.11.3.rel1.macos64_1.1.100.202310310803/tools/bin/../lib/gcc/arm-none-eabi/11.3.1/../../../../arm-none-eabi/lib/thumb/v7e-m+fp/hard/libnosys.a(getpid.o)
                0x0000000008009a18                _getpid
 .text._isatty  0x0000000008009a28       0x10 /Applications/STM32CubeIDE.app/Contents/Eclipse/plugins/com.st.stm32cube.ide.mcu.externaltools.gnu-tools-for-stm32.11.3.rel1.macos64_1.1.100.202310310803/tools/bin/../lib/gcc/arm-none-eabi/11.3.1/../../../../arm-none-eabi/lib/thumb/v7e-m+fp/hard/libnosys.a(isatty.o)
                0x0000000008009a28                _isatty
 .text._kill    0x0000000008009a38       0x10 /Applications/STM32CubeIDE.app/Contents/Eclipse/plugins/com.st.stm32cube.ide.mcu.externaltools.gnu-tools-for-stm32.11.3.rel1.macos64_1.1.100.202310310803/tools/bin/../lib/gcc/arm-none-eabi/11.3.1/../../../../arm-none-eabi/lib/thumb/v7e-m+fp/hard/libnosys.a(kill.o)
                0x0000000008009a38                _kill
 .text._lseek   0x0000000008009a48       0x10 /Applications/STM32CubeIDE.app/Contents/Eclipse/plugins/com.st.stm32cube.ide.mcu.externaltools.gnu-tools-for-stm32.11.3.rel1.macos64_1.1.100.202310310803/tools/bin/../lib/gcc/arm-none-eabi/11.3.1/../../../../arm-none-eabi/lib/thumb/v7e-m+fp/hard/libnosys.a(lseek.o)
                0x0000000008009a48                _lseek
 .text._read    0x0000000008009a58       0x10 /Applications/STM32CubeIDE.app/Contents/Eclipse/plugins/com.st.stm32cube.ide.mcu.externaltools.gnu-tools-for-stm32.11.3.rel1.macos64_1.1.100.202310310803/tools/bin/../lib/gcc/arm-none-eabi/11.3.1/../../../../arm-none-eabi/lib/thumb/v7e-m+fp/hard/libnosys.a(read.o)
                0x0000000008009a58                _read
 .text._write   0x0000000008009a68       0x10 /Applications/STM32CubeIDE.app/Contents/Eclipse/plugins/com.st.stm32cube.ide.mcu.externaltools.gnu-tools-for-stm32.11.3.rel1.macos64_1.1.100.202310310803/tools/bin/../lib/gcc/arm-none-eabi/11.3.1/../../../../arm-none-eabi/lib/thumb/v7e-m+fp/hard/libnosys.a(write.o)
                0x0000000008009a68                _write
 .text._exit    0x0000000008009a78        0x2 /Applications/STM32CubeIDE.app/Contents/Eclipse/plugins/com.st.stm32cube.ide.mcu.externaltools.gnu-tools-for-stm32.11.3.rel1.macos64_1.1.100.202310310803/tools/bin/../lib/gcc/arm-none-eabi/11.3.1/../../../../arm-none-eabi/lib/thumb/v7e-m+fp/hard/libnosys.a(_exit.o)
                0x0000000008009a78                _exit
 *(.glue_7)
 .glue_7        0x0000000008009a7a        0x0 linker stubs
 *(.glue_7t)
 .glue_7t       0x0000000008009a7a        0x0 linker stubs
 *(.eh_frame)
 *fill*         0x0000000008009a7a        0x2 
 .eh_frame      0x0000000008009a7c        0x0 /Applications/STM32CubeIDE.app/Contents/Eclipse/plugins/com.st.stm32cube.ide.mcu.externaltools.gnu-tools-for-stm32.11.3.rel1.macos64_1.1.100.202310310803/tools/bin/../lib/gcc/arm-none-eabi/11.3.1/thumb/v7e-m+fp/hard/crtbegin.o
 *(.init)
 .init          0x0000000008009a7c        0x4 /Applications/STM32CubeIDE.app/Contents/Eclipse/plugins/com.st.stm32cube.ide.mcu.externaltools.gnu-tools-for-stm32.11.3.rel1.macos64_1.1.100.202310310803/tools/bin/../lib/gcc/arm-none-eabi/11.3.1/thumb/v7e-m+fp/hard/crti.o
                0x0000000008009a7c                _init
 .init          0x0000000008009a80        0x8 /Applications/STM32CubeIDE.app/Contents/Eclipse/plugins/com.st.stm32cube.ide.mcu.externaltools.gnu-tools-for-stm32.11.3.rel1.macos64_1.1.100.202310310803/tools/bin/../lib/gcc/arm-none-eabi/11.3.1/thumb/v7e-m+fp/hard/crtn.o
 *(.fini)
 .fini          0x0000000008009a88        0x4 /Applications/STM32CubeIDE.app/Contents/Eclipse/plugins/com.st.stm32cube.ide.mcu.externaltools.gnu-tools-for-stm32.11.3.rel1.macos64_1.1.100.202310310803/tools/bin/../lib/gcc/arm-none-eabi/11.3.1/thumb/v7e-m+fp/hard/crti.o
                0x0000000008009a88                _fini
 .fini          0x0000000008009a8c        0x8 /Applications/STM32CubeIDE.app/Contents/Eclipse/plugins/com.st.stm32cube.ide.mcu.externaltools.gnu-tools-for-stm32.11.3.rel1.macos64_1.1.100.202310310803/tools/bin/../lib/gcc/arm-none-eabi/11.3.1/thumb/v7e-m+fp/hard/crtn.o
                0x0000000008009a94                . = ALIGN (0x4)
                0x0000000008009a94                _etext = .

.vfp11_veneer   0x0000000008009a94        0x0
 .vfp11_veneer  0x0000000008009a94        0x0 linker stubs

.v4_bx          0x0000000008009a94        0x0
 .v4_bx         0x0000000008009a94        0x0 linker stubs

.iplt           0x0000000008009a94        0x0
 .iplt          0x0000000008009a94        0x0 /Applications/STM32CubeIDE.app/Contents/Eclipse/plugins/com.st.stm32cube.ide.mcu.externaltools.gnu-tools-for-stm32.11.3.rel1.macos64_1.1.100.202310310803/tools/bin/../lib/gcc/arm-none-eabi/11.3.1/thumb/v7e-m+fp/hard/crtbegin.o

.rodata         0x0000000008009aa0    0x14df0
                0x0000000008009aa0                . = ALIGN (0x4)
 *(.rodata)
 .rodata        0x0000000008009aa0       0x58 ./Core/Src/ai_can.o
 .rodata        0x0000000008009af8        0xf ./Core/Src/main.o
 *fill*         0x0000000008009b07        0x1 
 .rodata        0x0000000008009b08       0x30 ./X-CUBE-AI/App/can_network_data.o
 *(.rodata*)
 .rodata.AHBPrescTable
                0x0000000008009b38       0x10 ./Core/Src/system_stm32f4xx.o
                0x0000000008009b38                AHBPrescTable
 .rodata.APBPrescTable
                0x0000000008009b48        0x8 ./Core/Src/system_stm32f4xx.o
                0x0000000008009b48                APBPrescTable
 .rodata.nl_6_chain
                0x0000000008009b50        0x8 ./X-CUBE-AI/App/can_network.o
 .rodata.gemm_5_chain
                0x0000000008009b58        0x8 ./X-CUBE-AI/App/can_network.o
 .rodata.pool_3_chain
                0x0000000008009b60        0x8 ./X-CUBE-AI/App/can_network.o
 .rodata.nl_2_nl_chain
                0x0000000008009b68        0x8 ./X-CUBE-AI/App/can_network.o
 .rodata.conv2d_2_chain
                0x0000000008009b70        0x8 ./X-CUBE-AI/App/can_network.o
 .rodata.pool_1_chain
                0x0000000008009b78        0x8 ./X-CUBE-AI/App/can_network.o
 .rodata.nl_0_nl_chain
                0x0000000008009b80        0x8 ./X-CUBE-AI/App/can_network.o
 .rodata.conv2d_0_chain
                0x0000000008009b88        0x8 ./X-CUBE-AI/App/can_network.o
 *fill*         0x0000000008009b90       0x10 
 .rodata.s_can_network_weights_array_u64
                0x0000000008009ba0    0x14908 ./X-CUBE-AI/App/can_network_data_params.o
                0x0000000008009ba0                s_can_network_weights_array_u64
 .rodata._printf_float.str1.1
                0x000000000801e4a8       0x12 /Applications/STM32CubeIDE.app/Contents/Eclipse/plugins/com.st.stm32cube.ide.mcu.externaltools.gnu-tools-for-stm32.11.3.rel1.macos64_1.1.100.202310310803/tools/bin/../lib/gcc/arm-none-eabi/11.3.1/../../../../arm-none-eabi/lib/thumb/v7e-m+fp/hard/libc_nano.a(libc_a-nano-vfprintf_float.o)
 .rodata._printf_i.str1.1
                0x000000000801e4ba       0x22 /Applications/STM32CubeIDE.app/Contents/Eclipse/plugins/com.st.stm32cube.ide.mcu.externaltools.gnu-tools-for-stm32.11.3.rel1.macos64_1.1.100.202310310803/tools/bin/../lib/gcc/arm-none-eabi/11.3.1/../../../../arm-none-eabi/lib/thumb/v7e-m+fp/hard/libc_nano.a(libc_a-nano-vfprintf_i.o)
 .rodata.strtok.str1.1
                0x000000000801e4dc       0x71 /Applications/STM32CubeIDE.app/Contents/Eclipse/plugins/com.st.stm32cube.ide.mcu.externaltools.gnu-tools-for-stm32.11.3.rel1.macos64_1.1.100.202310310803/tools/bin/../lib/gcc/arm-none-eabi/11.3.1/../../../../arm-none-eabi/lib/thumb/v7e-m+fp/hard/libc_nano.a(libc_a-strtok.o)
 .rodata._ctype_
                0x000000000801e54d      0x101 /Applications/STM32CubeIDE.app/Contents/Eclipse/plugins/com.st.stm32cube.ide.mcu.externaltools.gnu-tools-for-stm32.11.3.rel1.macos64_1.1.100.202310310803/tools/bin/../lib/gcc/arm-none-eabi/11.3.1/../../../../arm-none-eabi/lib/thumb/v7e-m+fp/hard/libc_nano.a(libc_a-ctype_.o)
                0x000000000801e54d                _ctype_
 .rodata.__assert_func.str1.1
                0x000000000801e64e       0x3c /Applications/STM32CubeIDE.app/Contents/Eclipse/plugins/com.st.stm32cube.ide.mcu.externaltools.gnu-tools-for-stm32.11.3.rel1.macos64_1.1.100.202310310803/tools/bin/../lib/gcc/arm-none-eabi/11.3.1/../../../../arm-none-eabi/lib/thumb/v7e-m+fp/hard/libc_nano.a(libc_a-assert.o)
                                         0x3d (size before relaxing)
 .rodata._dtoa_r.str1.1
                0x000000000801e68a       0x76 /Applications/STM32CubeIDE.app/Contents/Eclipse/plugins/com.st.stm32cube.ide.mcu.externaltools.gnu-tools-for-stm32.11.3.rel1.macos64_1.1.100.202310310803/tools/bin/../lib/gcc/arm-none-eabi/11.3.1/../../../../arm-none-eabi/lib/thumb/v7e-m+fp/hard/libc_nano.a(libc_a-dtoa.o)
                                         0x8f (size before relaxing)
 .rodata._svfprintf_r.str1.1
                0x000000000801e700       0x11 /Applications/STM32CubeIDE.app/Contents/Eclipse/plugins/com.st.stm32cube.ide.mcu.externaltools.gnu-tools-for-stm32.11.3.rel1.macos64_1.1.100.202310310803/tools/bin/../lib/gcc/arm-none-eabi/11.3.1/../../../../arm-none-eabi/lib/thumb/v7e-m+fp/hard/libc_nano.a(libc_a-nano-svfprintf.o)
 .rodata._Balloc.str1.1
                0x000000000801e711       0x59 /Applications/STM32CubeIDE.app/Contents/Eclipse/plugins/com.st.stm32cube.ide.mcu.externaltools.gnu-tools-for-stm32.11.3.rel1.macos64_1.1.100.202310310803/tools/bin/../lib/gcc/arm-none-eabi/11.3.1/../../../../arm-none-eabi/lib/thumb/v7e-m+fp/hard/libc_nano.a(libc_a-mprec.o)
                                         0x70 (size before relaxing)
 .rodata.__multadd.str1.1
                0x000000000801e76a       0x11 /Applications/STM32CubeIDE.app/Contents/Eclipse/plugins/com.st.stm32cube.ide.mcu.externaltools.gnu-tools-for-stm32.11.3.rel1.macos64_1.1.100.202310310803/tools/bin/../lib/gcc/arm-none-eabi/11.3.1/../../../../arm-none-eabi/lib/thumb/v7e-m+fp/hard/libc_nano.a(libc_a-mprec.o)
 *fill*         0x000000000801e76a        0x6 
 .rodata.__mprec_bigtens
                0x000000000801e770       0x28 /Applications/STM32CubeIDE.app/Contents/Eclipse/plugins/com.st.stm32cube.ide.mcu.externaltools.gnu-tools-for-stm32.11.3.rel1.macos64_1.1.100.202310310803/tools/bin/../lib/gcc/arm-none-eabi/11.3.1/../../../../arm-none-eabi/lib/thumb/v7e-m+fp/hard/libc_nano.a(libc_a-mprec.o)
                0x000000000801e770                __mprec_bigtens
 .rodata.__mprec_tens
                0x000000000801e798       0xc8 /Applications/STM32CubeIDE.app/Contents/Eclipse/plugins/com.st.stm32cube.ide.mcu.externaltools.gnu-tools-for-stm32.11.3.rel1.macos64_1.1.100.202310310803/tools/bin/../lib/gcc/arm-none-eabi/11.3.1/../../../../arm-none-eabi/lib/thumb/v7e-m+fp/hard/libc_nano.a(libc_a-mprec.o)
                0x000000000801e798                __mprec_tens
 .rodata.p05.0  0x000000000801e860        0xc /Applications/STM32CubeIDE.app/Contents/Eclipse/plugins/com.st.stm32cube.ide.mcu.externaltools.gnu-tools-for-stm32.11.3.rel1.macos64_1.1.100.202310310803/tools/bin/../lib/gcc/arm-none-eabi/11.3.1/../../../../arm-none-eabi/lib/thumb/v7e-m+fp/hard/libc_nano.a(libc_a-mprec.o)
 .rodata._setlocale_r.str1.1
                0x000000000801e86c        0x8 /Applications/STM32CubeIDE.app/Contents/Eclipse/plugins/com.st.stm32cube.ide.mcu.externaltools.gnu-tools-for-stm32.11.3.rel1.macos64_1.1.100.202310310803/tools/bin/../lib/gcc/arm-none-eabi/11.3.1/../../../../arm-none-eabi/lib/thumb/v7e-m+fp/hard/libc_nano.a(libc_a-locale.o)
                                          0x9 (size before relaxing)
 .rodata.str1.1
                0x000000000801e874        0x2 /Applications/STM32CubeIDE.app/Contents/Eclipse/plugins/com.st.stm32cube.ide.mcu.externaltools.gnu-tools-for-stm32.11.3.rel1.macos64_1.1.100.202310310803/tools/bin/../lib/gcc/arm-none-eabi/11.3.1/../../../../arm-none-eabi/lib/thumb/v7e-m+fp/hard/libc_nano.a(libc_a-locale.o)
 .rodata._vfprintf_r.str1.1
                0x000000000801e876       0x11 /Applications/STM32CubeIDE.app/Contents/Eclipse/plugins/com.st.stm32cube.ide.mcu.externaltools.gnu-tools-for-stm32.11.3.rel1.macos64_1.1.100.202310310803/tools/bin/../lib/gcc/arm-none-eabi/11.3.1/../../../../arm-none-eabi/lib/thumb/v7e-m+fp/hard/libc_nano.a(libc_a-nano-vfprintf.o)
 *fill*         0x000000000801e876        0x2 
 .rodata.halF   0x000000000801e878        0x8 /Applications/STM32CubeIDE.app/Contents/Eclipse/plugins/com.st.stm32cube.ide.mcu.externaltools.gnu-tools-for-stm32.11.3.rel1.macos64_1.1.100.202310310803/tools/bin/../lib/gcc/arm-none-eabi/11.3.1/../../../../arm-none-eabi/lib/thumb/v7e-m+fp/hard/libm.a(libm_a-ef_exp.o)
 .rodata.ln2HI  0x000000000801e880        0x8 /Applications/STM32CubeIDE.app/Contents/Eclipse/plugins/com.st.stm32cube.ide.mcu.externaltools.gnu-tools-for-stm32.11.3.rel1.macos64_1.1.100.202310310803/tools/bin/../lib/gcc/arm-none-eabi/11.3.1/../../../../arm-none-eabi/lib/thumb/v7e-m+fp/hard/libm.a(libm_a-ef_exp.o)
 .rodata.ln2LO  0x000000000801e888        0x8 /Applications/STM32CubeIDE.app/Contents/Eclipse/plugins/com.st.stm32cube.ide.mcu.externaltools.gnu-tools-for-stm32.11.3.rel1.macos64_1.1.100.202310310803/tools/bin/../lib/gcc/arm-none-eabi/11.3.1/../../../../arm-none-eabi/lib/thumb/v7e-m+fp/hard/libm.a(libm_a-ef_exp.o)
                0x000000000801e890                . = ALIGN (0x4)

.ARM.extab      0x000000000801e890        0x0
                0x000000000801e890                . = ALIGN (0x4)
 *(.ARM.extab* .gnu.linkonce.armextab.*)
                0x000000000801e890                . = ALIGN (0x4)

.ARM            0x000000000801e890        0x8
                0x000000000801e890                . = ALIGN (0x4)
                0x000000000801e890                __exidx_start = .
 *(.ARM.exidx*)
 .ARM.exidx     0x000000000801e890        0x8 /Applications/STM32CubeIDE.app/Contents/Eclipse/plugins/com.st.stm32cube.ide.mcu.externaltools.gnu-tools-for-stm32.11.3.rel1.macos64_1.1.100.202310310803/tools/bin/../lib/gcc/arm-none-eabi/11.3.1/thumb/v7e-m+fp/hard/libgcc.a(_udivmoddi4.o)
                0x000000000801e898                __exidx_end = .
                0x000000000801e898                . = ALIGN (0x4)

.rel.dyn        0x000000000801e898        0x0
 .rel.iplt      0x000000000801e898        0x0 /Applications/STM32CubeIDE.app/Contents/Eclipse/plugins/com.st.stm32cube.ide.mcu.externaltools.gnu-tools-for-stm32.11.3.rel1.macos64_1.1.100.202310310803/tools/bin/../lib/gcc/arm-none-eabi/11.3.1/thumb/v7e-m+fp/hard/crtbegin.o

.preinit_array  0x000000000801e898        0x0
                0x000000000801e898                . = ALIGN (0x4)
                0x000000000801e898                PROVIDE (__preinit_array_start = .)
 *(.preinit_array*)
                0x000000000801e898                PROVIDE (__preinit_array_end = .)
                0x000000000801e898                . = ALIGN (0x4)

.init_array     0x000000000801e898        0x4
                0x000000000801e898                . = ALIGN (0x4)
                0x000000000801e898                PROVIDE (__init_array_start = .)
 *(SORT_BY_NAME(.init_array.*))
 *(.init_array*)
 .init_array    0x000000000801e898        0x4 /Applications/STM32CubeIDE.app/Contents/Eclipse/plugins/com.st.stm32cube.ide.mcu.externaltools.gnu-tools-for-stm32.11.3.rel1.macos64_1.1.100.202310310803/tools/bin/../lib/gcc/arm-none-eabi/11.3.1/thumb/v7e-m+fp/hard/crtbegin.o
                0x000000000801e89c                PROVIDE (__init_array_end = .)
                0x000000000801e89c                . = ALIGN (0x4)

.fini_array     0x000000000801e89c        0x4
                0x000000000801e89c                . = ALIGN (0x4)
                [!provide]                        PROVIDE (__fini_array_start = .)
 *(SORT_BY_NAME(.fini_array.*))
 *(.fini_array*)
 .fini_array    0x000000000801e89c        0x4 /Applications/STM32CubeIDE.app/Contents/Eclipse/plugins/com.st.stm32cube.ide.mcu.externaltools.gnu-tools-for-stm32.11.3.rel1.macos64_1.1.100.202310310803/tools/bin/../lib/gcc/arm-none-eabi/11.3.1/thumb/v7e-m+fp/hard/crtbegin.o
                [!provide]                        PROVIDE (__fini_array_end = .)
                0x000000000801e8a0                . = ALIGN (0x4)
                0x000000000801e8a0                _sidata = LOADADDR (.data)

.data           0x0000000020000000      0xb50 load address 0x000000000801e8a0
                0x0000000020000000                . = ALIGN (0x4)
                0x0000000020000000                _sdata = .
 *(.data)
 *(.data*)
 .data.command_state
                0x0000000020000000        0x4 ./Core/Src/main.o
                0x0000000020000000                command_state
 .data.SystemCoreClock
                0x0000000020000004        0x4 ./Core/Src/system_stm32f4xx.o
                0x0000000020000004                SystemCoreClock
 .data.uwTickPrio
                0x0000000020000008        0x4 ./Drivers/STM32F4xx_HAL_Driver/Src/stm32f4xx_hal.o
                0x0000000020000008                uwTickPrio
 .data.uwTickFreq
                0x000000002000000c        0x1 ./Drivers/STM32F4xx_HAL_Driver/Src/stm32f4xx_hal.o
                0x000000002000000c                uwTickFreq
 *fill*         0x000000002000000d        0x3 
 .data.conv2d_0_bias_array
                0x0000000020000010       0x10 ./X-CUBE-AI/App/can_network.o
 .data.conv2d_2_weights_array
                0x0000000020000020       0x10 ./X-CUBE-AI/App/can_network.o
 .data.conv2d_2_bias_array
                0x0000000020000030       0x10 ./X-CUBE-AI/App/can_network.o
 .data.gemm_5_weights_array
                0x0000000020000040       0x10 ./X-CUBE-AI/App/can_network.o
 .data.serving_default_sequential_1_input0_output_array
                0x0000000020000050       0x10 ./X-CUBE-AI/App/can_network.o
 .data.conv2d_0_output_array
                0x0000000020000060       0x10 ./X-CUBE-AI/App/can_network.o
 .data.gemm_5_bias_array
                0x0000000020000070       0x10 ./X-CUBE-AI/App/can_network.o
 .data.nl_0_nl_output_array
                0x0000000020000080       0x10 ./X-CUBE-AI/App/can_network.o
 .data.pool_1_output_array
                0x0000000020000090       0x10 ./X-CUBE-AI/App/can_network.o
 .data.conv2d_2_output_array
                0x00000000200000a0       0x10 ./X-CUBE-AI/App/can_network.o
 .data.nl_2_nl_output_array
                0x00000000200000b0       0x10 ./X-CUBE-AI/App/can_network.o
 .data.pool_3_output_array
                0x00000000200000c0       0x10 ./X-CUBE-AI/App/can_network.o
 .data.gemm_5_output_array
                0x00000000200000d0       0x10 ./X-CUBE-AI/App/can_network.o
 .data.nl_6_output_array
                0x00000000200000e0       0x10 ./X-CUBE-AI/App/can_network.o
 .data.conv2d_0_weights_array
                0x00000000200000f0       0x10 ./X-CUBE-AI/App/can_network.o
 .data.__compound_literal.0
                0x0000000020000100       0x10 ./X-CUBE-AI/App/can_network.o
 .data.__compound_literal.1
                0x0000000020000110       0x10 ./X-CUBE-AI/App/can_network.o
 .data.conv2d_0_bias
                0x0000000020000120       0x1c ./X-CUBE-AI/App/can_network.o
 .data.__compound_literal.2