../Drivers/CMSIS/Include/core_cm7.h:2229:22:SCB_EnableICache	4	static,ignoring_inline_asm
../Drivers/CMSIS/Include/core_cm7.h:2281:22:SCB_EnableDCache	24	static,ignoring_inline_asm
../Core/Src/main.c:85:5:main	16	static
../Core/Src/main.c:149:6:SystemClock_Config	88	static
../Core/Src/main.c:202:13:MX_CRC_Init	8	static
../Core/Src/main.c:233:13:MX_TIM14_Init	8	static
../Core/Src/main.c:264:13:MX_UART7_Init	8	static
../Core/Src/main.c:299:13:MX_GPIO_Init	32	static
../Core/Src/main.c:322:1:__io_putchar	16	static
../Core/Src/main.c:333:6:Error_Handler	4	static,ignoring_inline_asm
