../Core/Src/main.c:84:6:command_parser_fsm	16	static
../Core/Src/main.c:106:6:uart_communication	8	static
../Core/Src/main.c:129:5:main	32	static
../Core/Src/main.c:187:6:SystemClock_Config	88	static
../Core/Src/main.c:233:13:MX_CRC_Init	8	static
../Core/Src/main.c:259:13:MX_TIM10_Init	8	static
../Core/Src/main.c:290:13:MX_USART2_UART_Init	8	static
../Core/Src/main.c:323:13:MX_GPIO_Init	48	static
../Core/Src/main.c:356:6:HAL_UART_RxCpltCallback	16	static
../Core/Src/main.c:369:6:Error_Handler	4	static,ignoring_inline_asm
