../Drivers/CMSIS/Include/core_cm7.h:2229:22:SCB_EnableICache	1
../Drivers/CMSIS/Include/core_cm7.h:2281:22:SCB_EnableDCache	3
../Core/Src/main.c:83:6:HAL_UART_RxCpltCallback	3
../Core/Src/main.c:92:6:command_parser_fsm	7
../Core/Src/main.c:114:6:uart_communication	2
../Core/Src/main.c:138:5:main	2
../Core/Src/main.c:200:6:SystemClock_Config	4
../Core/Src/main.c:253:13:MX_CRC_Init	2
../Core/Src/main.c:284:13:MX_TIM14_Init	2
../Core/Src/main.c:315:13:MX_USART6_UART_Init	2
../Core/Src/main.c:350:13:MX_GPIO_Init	1
../Core/Src/main.c:871:6:Error_Handler	1
